ASxxxx Linker V03.00 + NoICE + sdld,  page 1.
Hexadecimal  [32-Bits]

Area                                    Addr        Size        Decimal Bytes (Attributes)
--------------------------------        ----        ----        ------- ----- ------------
.  .ABS.                            00000000    00000000 =           0. bytes (ABS,CON)

      Value  Global                              Global Defined In Module
      -----  --------------------------------   ------------------------
     00000000  .__.ABS.                           _divulong
     00000000  l_CABS                          
     00000000  l_GSINIT1                       
     00000000  l_GSINIT5                       
     00000000  l_IABS                          
     00000000  l_PSEG                          
     00000000  l_REG_BANK_1                    
     00000000  l_REG_BANK_2                    
     00000000  l_REG_BANK_3                    
     00000000  l_RSEG                          
     00000000  l_RSEG0                         
     00000000  l_RSEG1                         
     00000000  l_XABS                          
     00000000  l_XINIT                         
     00000000  l_XISEG                         
     00000000  l_XSEG                          
     00000000  l__CODE                         
     00000000  s_BSEG                          
     00000000  s_CABS                          
     00000000  s_HOME                          
     00000000  s_IABS                          
     00000000  s_ISEG                          
     00000000  s_REG_BANK_0                    
     00000000  s_RSEG                          
     00000000  s_RSEG0                         
     00000000  s_RSEG1                         
     00000000  s_XABS                          
     00000000  s__CODE                         
     00000001  l_BSEG_BYTES                    
     00000001  l_SSEG                          
     00000003  l_BSEG                          
     00000003  l_GSFINAL                       
     00000003  l_GSINIT0                       
     00000006  l_GSINIT                        
     00000006  l_HOME                          
     00000006  s_GSINIT0                       
     00000008  l_REG_BANK_0                    
     00000008  s_REG_BANK_1                    
     00000009  s_GSINIT1                       
     00000009  s_GSINIT2                       
     0000000A  l_GSINIT2                       
     0000000C  l_ISEG                          
     00000010  s_REG_BANK_2                    
     00000013  s_GSINIT3                       
     00000018  s_REG_BANK_3                    
     00000020  s_BSEG_BYTES                    
     00000021  s_DSEG                          
     00000022  l_GSINIT3                       
     0000002A  l_GSINIT4                       
     0000002C  l_DSEG                          
ASxxxx Linker V03.00 + NoICE + sdld,  page 2.
Hexadecimal  [32-Bits]

Area                                    Addr        Size        Decimal Bytes (Attributes)
--------------------------------        ----        ----        ------- ----- ------------
.  .ABS.                            00000000    00000000 =           0. bytes (ABS,CON)

      Value  Global                              Global Defined In Module
      -----  --------------------------------   ------------------------
     00000030  s_SSEG                          
     00000035  s_GSINIT4                       
     0000005F  s_GSINIT                        
     0000005F  s_GSINIT5                       
     00000065  s_GSFINAL                       
     00000068  s_CSEG                          
     00000080  _P0                                pass_check
     00000080  _P0_0                              pass_check
     00000080  l_IRAM                          
     00000081  _P0_1                              pass_check
     00000081  _SP                                pass_check
     00000082  _DPL                               pass_check
     00000082  _P0_2                              pass_check
     00000083  _DPH                               pass_check
     00000083  _P0_3                              pass_check
     00000084  _P0_4                              pass_check
     00000085  _P0_5                              pass_check
     00000086  _P0_6                              pass_check
     00000087  _P0_7                              pass_check
     00000087  _PCON                              pass_check
     00000087  _SIO_PCON                          main
     00000088  _IT0                               pass_check
     00000088  _TCON                              pass_check
     00000089  _IE0                               pass_check
     00000089  _SIO_TMOD                          main
     00000089  _TMOD                              pass_check
     0000008A  _IT1                               pass_check
     0000008A  _TL0                               pass_check
     0000008B  _IE1                               pass_check
     0000008B  _SIO_TL1                           main
     0000008B  _TL1                               pass_check
     0000008C  _TH0                               pass_check
     0000008C  _TR0                               pass_check
     0000008D  _SIO_TH1                           main
     0000008D  _TF0                               pass_check
     0000008D  _TH1                               pass_check
     0000008E  _SIO_TR1                           main
     0000008E  _TR1                               pass_check
     0000008F  _TF1                               pass_check
     00000090  _P1                                pass_check
     00000090  _P1_0                              pass_check
     00000091  _P1_1                              pass_check
     00000092  _P1_2                              pass_check
     00000093  _P1_3                              pass_check
     00000094  _P1_4                              pass_check
     00000095  _P1_5                              pass_check
     00000096  _P1_6                              pass_check
     00000097  _P1_7                              pass_check
     00000098  _RI                                pass_check
     00000098  _SCON                              pass_check
     00000098  _SIO_RI                            main
ASxxxx Linker V03.00 + NoICE + sdld,  page 3.
Hexadecimal  [32-Bits]

Area                                    Addr        Size        Decimal Bytes (Attributes)
--------------------------------        ----        ----        ------- ----- ------------
.  .ABS.                            00000000    00000000 =           0. bytes (ABS,CON)

      Value  Global                              Global Defined In Module
      -----  --------------------------------   ------------------------
     00000098  _SIO_SCON                          main
     00000099  _SBUF                              pass_check
     00000099  _SIO_SBUF                          main
     00000099  _SIO_TI                            main
     00000099  _TI                                pass_check
     0000009A  _RB8                               pass_check
     0000009A  _SIO_RB8                           main
     0000009B  _SIO_TB8                           main
     0000009B  _TB8                               pass_check
     0000009C  _REN                               pass_check
     0000009C  _SIO_REN                           main
     0000009D  _SIO_SM2                           main
     0000009D  _SM2                               pass_check
     0000009E  _SIO_SM1                           main
     0000009E  _SM1                               pass_check
     0000009F  _SIO_SM0                           main
     0000009F  _SM0                               pass_check
     000000A0  _P2                                pass_check
     000000A0  _P2_0                              pass_check
     000000A0  __XPAGE                            
     000000A1  _P2_1                              pass_check
     000000A2  _P2_2                              pass_check
     000000A3  _P2_3                              pass_check
     000000A4  _P2_4                              pass_check
     000000A5  _P2_5                              pass_check
     000000A6  _P2_6                              pass_check
     000000A7  _P2_7                              pass_check
     000000A8  _EX0                               pass_check
     000000A8  _IE                                pass_check
     000000A9  _ET0                               pass_check
     000000AA  _EX1                               pass_check
     000000AB  _ET1                               pass_check
     000000AC  _ES                                pass_check
     000000AD  _ET2                               pass_check
     000000AF  _EA                                pass_check
     000000B0  _P3                                pass_check
     000000B0  _P3_0                              pass_check
     000000B0  _RXD                               pass_check
     000000B1  _P3_1                              pass_check
     000000B1  _TXD                               pass_check
     000000B2  _INT0                              pass_check
     000000B2  _P3_2                              pass_check
     000000B3  _INT1                              pass_check
     000000B3  _P3_3                              pass_check
     000000B4  _P3_4                              pass_check
     000000B4  _T0                                pass_check
     000000B5  _P3_5                              pass_check
     000000B5  _T1                                pass_check
     000000B6  _P3_6                              pass_check
     000000B6  _WR                                pass_check
     000000B7  _P3_7                              pass_check
ASxxxx Linker V03.00 + NoICE + sdld,  page 4.
Hexadecimal  [32-Bits]

Area                                    Addr        Size        Decimal Bytes (Attributes)
--------------------------------        ----        ----        ------- ----- ------------
.  .ABS.                            00000000    00000000 =           0. bytes (ABS,CON)

      Value  Global                              Global Defined In Module
      -----  --------------------------------   ------------------------
     000000B7  _RD                                pass_check
     000000B8  _IP                                pass_check
     000000B8  _PX0                               pass_check
     000000B9  _PT0                               pass_check
     000000B9  l_CONST                         
     000000BA  _PX1                               pass_check
     000000BB  _PT1                               pass_check
     000000BC  _PS                                pass_check
     000000BD  _PT2                               pass_check
     000000C8  _CP_RL2                            pass_check
     000000C8  _T2CON                             pass_check
     000000C8  _T2CON_0                           pass_check
     000000C9  _C_T2                              pass_check
     000000C9  _T2CON_1                           pass_check
     000000CA  _RCAP2L                            pass_check
     000000CA  _T2CON_2                           pass_check
     000000CA  _TR2                               pass_check
     000000CB  _EXEN2                             pass_check
     000000CB  _RCAP2H                            pass_check
     000000CB  _T2CON_3                           pass_check
     000000CC  _T2CON_4                           pass_check
     000000CC  _TCLK                              pass_check
     000000CC  _TL2                               pass_check
     000000CD  _RCLK                              pass_check
     000000CD  _T2CON_5                           pass_check
     000000CD  _TH2                               pass_check
     000000CE  _EXF2                              pass_check
     000000CE  _T2CON_6                           pass_check
     000000CF  _T2CON_7                           pass_check
     000000CF  _TF2                               pass_check
     000000D0  _P                                 pass_check
     000000D0  _PSW                               pass_check
     000000D1  _F1                                pass_check
     000000D2  _OV                                pass_check
     000000D3  _RS0                               pass_check
     000000D4  _RS1                               pass_check
     000000D5  _F0                                pass_check
     000000D6  _AC                                pass_check
     000000D7  _CY                                pass_check
     000000E0  _ACC                               pass_check
     000000F0  _B                                 pass_check
     000000F5  _B_5                               _gptrget
     000000F6  _B_6                               _gptrget
     000000F7  _B_7                               _gptrget
     00000100  s_PSEG                          
     00000100  s_XISEG                         
     00000100  s_XSEG                          
     00000601  l_CSEG                          
     00000669  s_CONST                         
     00000722  s_XINIT                         

ASxxxx Linker V03.00 + NoICE + sdld,  page 5.
Hexadecimal  [32-Bits]

Area                                    Addr        Size        Decimal Bytes (Attributes)
--------------------------------        ----        ----        ------- ----- ------------
REG_BANK_0                          00000000    00000008 =           8. bytes (REL,OVR)

      Value  Global                              Global Defined In Module
      -----  --------------------------------   ------------------------
ASxxxx Linker V03.00 + NoICE + sdld,  page 6.
Hexadecimal  [32-Bits]

Area                                    Addr        Size        Decimal Bytes (Attributes)
--------------------------------        ----        ----        ------- ----- ------------
BSEG_BYTES                          00000020    00000001 =           1. bytes (REL,CON)

      Value  Global                              Global Defined In Module
      -----  --------------------------------   ------------------------
ASxxxx Linker V03.00 + NoICE + sdld,  page 7.
Hexadecimal  [32-Bits]

Area                                    Addr        Size        Decimal Bytes (Attributes)
--------------------------------        ----        ----        ------- ----- ------------
DSEG                                00000021    0000002C =          44. bytes (REL,CON)

      Value  Global                              Global Defined In Module
      -----  --------------------------------   ------------------------
     0000004C  _bp                                _bp

ASxxxx Linker V03.00 + NoICE + sdld,  page 8.
Hexadecimal  [32-Bits]

Area                                    Addr        Size        Decimal Bytes (Attributes)
--------------------------------        ----        ----        ------- ----- ------------
SSEG                                00000030    00000001 =           1. bytes (REL,CON)

      Value  Global                              Global Defined In Module
      -----  --------------------------------   ------------------------
     00000030  __start__stack                     main

ASxxxx Linker V03.00 + NoICE + sdld,  page 9.
Hexadecimal  [32-Bits]

Area                                    Addr        Size        Decimal Bytes (Attributes)
--------------------------------        ----        ----        ------- ----- ------------
ISEG                                00000000    0000000C =          12. bytes (REL,CON)

      Value  Global                              Global Defined In Module
      -----  --------------------------------   ------------------------
ASxxxx Linker V03.00 + NoICE + sdld,  page 10.
Hexadecimal  [32-Bits]

Area                                    Addr        Size        Decimal Bytes (Attributes)
--------------------------------        ----        ----        ------- ----- ------------
HOME                                00000000    00000006 =           6. bytes (REL,CON,CODE)

      Value  Global                              Global Defined In Module
      -----  --------------------------------   ------------------------
C:   00000003  __sdcc_program_startup             main

ASxxxx Linker V03.00 + NoICE + sdld,  page 11.
Hexadecimal  [32-Bits]

Area                                    Addr        Size        Decimal Bytes (Attributes)
--------------------------------        ----        ----        ------- ----- ------------
GSINIT0                             00000006    00000003 =           3. bytes (REL,CON,CODE)

      Value  Global                              Global Defined In Module
      -----  --------------------------------   ------------------------
C:   00000006  __sdcc_gsinit_startup              

ASxxxx Linker V03.00 + NoICE + sdld,  page 12.
Hexadecimal  [32-Bits]

Area                                    Addr        Size        Decimal Bytes (Attributes)
--------------------------------        ----        ----        ------- ----- ------------
GSINIT2                             00000009    0000000A =          10. bytes (REL,CON,CODE)

      Value  Global                              Global Defined In Module
      -----  --------------------------------   ------------------------
ASxxxx Linker V03.00 + NoICE + sdld,  page 13.
Hexadecimal  [32-Bits]

Area                                    Addr        Size        Decimal Bytes (Attributes)
--------------------------------        ----        ----        ------- ----- ------------
GSINIT3                             00000013    00000022 =          34. bytes (REL,CON,CODE)

      Value  Global                              Global Defined In Module
      -----  --------------------------------   ------------------------
C:   00000013  __mcs51_genXINIT                   

ASxxxx Linker V03.00 + NoICE + sdld,  page 14.
Hexadecimal  [32-Bits]

Area                                    Addr        Size        Decimal Bytes (Attributes)
--------------------------------        ----        ----        ------- ----- ------------
GSINIT4                             00000035    0000002A =          42. bytes (REL,CON,CODE)

      Value  Global                              Global Defined In Module
      -----  --------------------------------   ------------------------
C:   00000035  __mcs51_genRAMCLEAR                
C:   0000003B  __mcs51_genXRAMCLEAR               

ASxxxx Linker V03.00 + NoICE + sdld,  page 15.
Hexadecimal  [32-Bits]

Area                                    Addr        Size        Decimal Bytes (Attributes)
--------------------------------        ----        ----        ------- ----- ------------
GSINIT                              0000005F    00000006 =           6. bytes (REL,CON,CODE)

      Value  Global                              Global Defined In Module
      -----  --------------------------------   ------------------------
ASxxxx Linker V03.00 + NoICE + sdld,  page 16.
Hexadecimal  [32-Bits]

Area                                    Addr        Size        Decimal Bytes (Attributes)
--------------------------------        ----        ----        ------- ----- ------------
GSFINAL                             00000065    00000003 =           3. bytes (REL,CON,CODE)

      Value  Global                              Global Defined In Module
      -----  --------------------------------   ------------------------
ASxxxx Linker V03.00 + NoICE + sdld,  page 17.
Hexadecimal  [32-Bits]

Area                                    Addr        Size        Decimal Bytes (Attributes)
--------------------------------        ----        ----        ------- ----- ------------
CSEG                                00000068    00000601 =        1537. bytes (REL,CON,CODE)

      Value  Global                              Global Defined In Module
      -----  --------------------------------   ------------------------
C:   00000068  _inituart                          main
C:   00000081  _putchar                           main
C:   000000A6  _getchar                           main
C:   000000BB  _main                              main
C:   000000CC  _get_password                      pass_check
C:   00000121  _check_password                    pass_check
C:   000001FB  __gptrput                          _gptrput
C:   00000216  _printf_small                      printfl
C:   000003DF  __ultoa                            _ltoa
C:   000004DC  __ltoa                             _ltoa
C:   0000056A  __gptrget                          _gptrget
C:   00000586  __sdcc_external_startup            _startup
C:   0000058A  __modulong                         _modulong
C:   0000059B  __modlong                          _modulong
C:   000005FC  __divulong                         _divulong
C:   00000602  __divlong                          _divulong

ASxxxx Linker V03.00 + NoICE + sdld,  page 18.
Hexadecimal  [32-Bits]

Area                                    Addr        Size        Decimal Bytes (Attributes)
--------------------------------        ----        ----        ------- ----- ------------
CONST                               00000669    000000B9 =         185. bytes (REL,CON,CODE)

      Value  Global                              Global Defined In Module
      -----  --------------------------------   ------------------------
ASxxxx Linker V03.00 + NoICE + sdld,  page 19.

Files Linked                              [ module(s) ]

build/main.rel                            [  ]
build/pass_check.rel                      [  ]


Libraries Linked                          [ object file ]

C:\Program Files (x86)\SDCC\bin\..\lib\small-stack-auto/mcs51.lib
                                          [ crtclear.rel ]
C:\Program Files (x86)\SDCC\bin\..\lib\small-stack-auto/mcs51.lib
                                          [ crtxinit.rel ]
C:\Program Files (x86)\SDCC\bin\..\lib\small-stack-auto/libsdcc.lib
                                          [ _gptrput.rel ]
C:\Program Files (x86)\SDCC\bin\..\lib\small-stack-auto/mcs51.lib
                                          [ crtxclear.rel ]
C:\Program Files (x86)\SDCC\bin\..\lib\small-stack-auto/libsdcc.lib
                                          [ printfl.rel ]
C:\Program Files (x86)\SDCC\bin\..\lib\small-stack-auto/libsdcc.lib
                                          [ _ltoa.rel ]
C:\Program Files (x86)\SDCC\bin\..\lib\small-stack-auto/libsdcc.lib
                                          [ _bp.rel ]
C:\Program Files (x86)\SDCC\bin\..\lib\small-stack-auto/mcs51.lib
                                          [ crtpagesfr.rel ]
C:\Program Files (x86)\SDCC\bin\..\lib\small-stack-auto/mcs51.lib
                                          [ crtstart.rel ]
C:\Program Files (x86)\SDCC\bin\..\lib\small-stack-auto/libsdcc.lib
                                          [ _gptrget.rel ]
C:\Program Files (x86)\SDCC\bin\..\lib\small-stack-auto/libsdcc.lib
                                          [ _startup.rel ]
C:\Program Files (x86)\SDCC\bin\..\lib\small-stack-auto/liblong.lib
                                          [ _modulong.rel ]
C:\Program Files (x86)\SDCC\bin\..\lib\small-stack-auto/liblong.lib
                                          [ _divulong.rel ]

ASxxxx Linker V03.00 + NoICE + sdld,  page 20.

User Base Address Definitions

HOME = 0x0000
XSEG = 0x0100
PSEG = 0x0100
ISEG = 0x0000
BSEG = 0x0000
SSEG = 0x0030

