Archive member included to satisfy reference by file (symbol)

/usr/lib/gcc/arm-none-eabi/6.3.1/../../../arm-none-eabi/lib/thumb/v7e-m/libg_nano.a(lib_a-atexit.o)
                              /usr/lib/gcc/arm-none-eabi/6.3.1/../../../arm-none-eabi/lib/thumb/v7e-m/crt0.o (atexit)
/usr/lib/gcc/arm-none-eabi/6.3.1/../../../arm-none-eabi/lib/thumb/v7e-m/libg_nano.a(lib_a-errno.o)
                              objdir-CW308_STM32F3/stm32f3_sysmem.o (__errno)
/usr/lib/gcc/arm-none-eabi/6.3.1/../../../arm-none-eabi/lib/thumb/v7e-m/libg_nano.a(lib_a-exit.o)
                              /usr/lib/gcc/arm-none-eabi/6.3.1/../../../arm-none-eabi/lib/thumb/v7e-m/crt0.o (exit)
/usr/lib/gcc/arm-none-eabi/6.3.1/../../../arm-none-eabi/lib/thumb/v7e-m/libg_nano.a(lib_a-fini.o)
                              /usr/lib/gcc/arm-none-eabi/6.3.1/../../../arm-none-eabi/lib/thumb/v7e-m/crt0.o (__libc_fini_array)
/usr/lib/gcc/arm-none-eabi/6.3.1/../../../arm-none-eabi/lib/thumb/v7e-m/libg_nano.a(lib_a-impure.o)
                              /usr/lib/gcc/arm-none-eabi/6.3.1/../../../arm-none-eabi/lib/thumb/v7e-m/libg_nano.a(lib_a-exit.o) (_global_impure_ptr)
/usr/lib/gcc/arm-none-eabi/6.3.1/../../../arm-none-eabi/lib/thumb/v7e-m/libg_nano.a(lib_a-init.o)
                              /usr/lib/gcc/arm-none-eabi/6.3.1/../../../arm-none-eabi/lib/thumb/v7e-m/crt0.o (__libc_init_array)
/usr/lib/gcc/arm-none-eabi/6.3.1/../../../arm-none-eabi/lib/thumb/v7e-m/libg_nano.a(lib_a-memset.o)
                              /usr/lib/gcc/arm-none-eabi/6.3.1/../../../arm-none-eabi/lib/thumb/v7e-m/crt0.o (memset)
/usr/lib/gcc/arm-none-eabi/6.3.1/../../../arm-none-eabi/lib/thumb/v7e-m/libg_nano.a(lib_a-__atexit.o)
                              /usr/lib/gcc/arm-none-eabi/6.3.1/../../../arm-none-eabi/lib/thumb/v7e-m/libg_nano.a(lib_a-atexit.o) (__register_exitproc)
/usr/lib/gcc/arm-none-eabi/6.3.1/../../../arm-none-eabi/lib/thumb/v7e-m/libg_nano.a(lib_a-__call_atexit.o)
                              /usr/lib/gcc/arm-none-eabi/6.3.1/../../../arm-none-eabi/lib/thumb/v7e-m/libg_nano.a(lib_a-__atexit.o) (__call_exitprocs)
/usr/lib/gcc/arm-none-eabi/6.3.1/../../../arm-none-eabi/lib/thumb/v7e-m/libnosys.a(_exit.o)
                              /usr/lib/gcc/arm-none-eabi/6.3.1/../../../arm-none-eabi/lib/thumb/v7e-m/libg_nano.a(lib_a-exit.o) (_exit)

Allocating common symbols
Common symbol       size              file

pcsamp_enable       0x1               objdir-CW308_STM32F3/simpleserial-trace.o
UartHandle          0x70              objdir-CW308_STM32F3/stm32f3_hal.o
enckey              0x10              objdir-CW308_STM32F3/aes-independant.o

Discarded input sections

 .text          0x0000000000000000        0x0 /usr/lib/gcc/arm-none-eabi/6.3.1/thumb/v7e-m/crti.o
 .data          0x0000000000000000        0x0 /usr/lib/gcc/arm-none-eabi/6.3.1/thumb/v7e-m/crti.o
 .bss           0x0000000000000000        0x0 /usr/lib/gcc/arm-none-eabi/6.3.1/thumb/v7e-m/crti.o
 .data          0x0000000000000000        0x4 /usr/lib/gcc/arm-none-eabi/6.3.1/thumb/v7e-m/crtbegin.o
 .text          0x0000000000000000       0x68 /usr/lib/gcc/arm-none-eabi/6.3.1/../../../arm-none-eabi/lib/thumb/v7e-m/crt0.o
 .data          0x0000000000000000        0x0 /usr/lib/gcc/arm-none-eabi/6.3.1/../../../arm-none-eabi/lib/thumb/v7e-m/crt0.o
 .bss           0x0000000000000000        0x0 /usr/lib/gcc/arm-none-eabi/6.3.1/../../../arm-none-eabi/lib/thumb/v7e-m/crt0.o
 .ARM.extab     0x0000000000000000        0x0 /usr/lib/gcc/arm-none-eabi/6.3.1/../../../arm-none-eabi/lib/thumb/v7e-m/crt0.o
 .ARM.exidx     0x0000000000000000        0x8 /usr/lib/gcc/arm-none-eabi/6.3.1/../../../arm-none-eabi/lib/thumb/v7e-m/crt0.o
 .debug_line    0x0000000000000000       0x7e /usr/lib/gcc/arm-none-eabi/6.3.1/../../../arm-none-eabi/lib/thumb/v7e-m/crt0.o
 .debug_info    0x0000000000000000       0xa4 /usr/lib/gcc/arm-none-eabi/6.3.1/../../../arm-none-eabi/lib/thumb/v7e-m/crt0.o
 .debug_abbrev  0x0000000000000000       0x14 /usr/lib/gcc/arm-none-eabi/6.3.1/../../../arm-none-eabi/lib/thumb/v7e-m/crt0.o
 .debug_aranges
                0x0000000000000000       0x20 /usr/lib/gcc/arm-none-eabi/6.3.1/../../../arm-none-eabi/lib/thumb/v7e-m/crt0.o
 .ARM.attributes
                0x0000000000000000       0x1c /usr/lib/gcc/arm-none-eabi/6.3.1/../../../arm-none-eabi/lib/thumb/v7e-m/crt0.o
 .text          0x0000000000000000        0x0 objdir-CW308_STM32F3/simpleserial-trace.o
 .data          0x0000000000000000        0x0 objdir-CW308_STM32F3/simpleserial-trace.o
 .bss           0x0000000000000000        0x0 objdir-CW308_STM32F3/simpleserial-trace.o
 .text          0x0000000000000000        0x0 objdir-CW308_STM32F3/simpleserial.o
 .data          0x0000000000000000        0x0 objdir-CW308_STM32F3/simpleserial.o
 .text.ss_crc   0x0000000000000000       0x30 objdir-CW308_STM32F3/simpleserial.o
 .text          0x0000000000000000        0x0 objdir-CW308_STM32F3/stm32f3_hal.o
 .data          0x0000000000000000        0x0 objdir-CW308_STM32F3/stm32f3_hal.o
 .bss           0x0000000000000000        0x0 objdir-CW308_STM32F3/stm32f3_hal.o
 .text.change_err_led
                0x0000000000000000       0x18 objdir-CW308_STM32F3/stm32f3_hal.o
 .text.change_ok_led
                0x0000000000000000       0x18 objdir-CW308_STM32F3/stm32f3_hal.o
 .text          0x0000000000000000        0x0 objdir-CW308_STM32F3/stm32f3_hal_lowlevel.o
 .data          0x0000000000000000        0x4 objdir-CW308_STM32F3/stm32f3_hal_lowlevel.o
 .text.HAL_NVIC_SetPriority
                0x0000000000000000       0x68 objdir-CW308_STM32F3/stm32f3_hal_lowlevel.o
 .text.HAL_InitTick
                0x0000000000000000        0xc objdir-CW308_STM32F3/stm32f3_hal_lowlevel.o
 .text.HAL_IncTick
                0x0000000000000000        0x2 objdir-CW308_STM32F3/stm32f3_hal_lowlevel.o
 .text.HAL_RCC_GetSysClockFreq
                0x0000000000000000        0x6 objdir-CW308_STM32F3/stm32f3_hal_lowlevel.o
 .text.HAL_RCC_GetPCLK1Freq
                0x0000000000000000        0x6 objdir-CW308_STM32F3/stm32f3_hal_lowlevel.o
 .text.HAL_RCC_GetPCLK2Freq
                0x0000000000000000        0x6 objdir-CW308_STM32F3/stm32f3_hal_lowlevel.o
 .text          0x0000000000000000        0x0 objdir-CW308_STM32F3/stm32f3_sysmem.o
 .data          0x0000000000000000        0x0 objdir-CW308_STM32F3/stm32f3_sysmem.o
 .bss           0x0000000000000000        0x4 objdir-CW308_STM32F3/stm32f3_sysmem.o
 .text._sbrk    0x0000000000000000       0x34 objdir-CW308_STM32F3/stm32f3_sysmem.o
 .debug_info    0x0000000000000000      0xa1c objdir-CW308_STM32F3/stm32f3_sysmem.o
 .debug_abbrev  0x0000000000000000      0x1f8 objdir-CW308_STM32F3/stm32f3_sysmem.o
 .debug_loc     0x0000000000000000       0x6a objdir-CW308_STM32F3/stm32f3_sysmem.o
 .debug_aranges
                0x0000000000000000       0x20 objdir-CW308_STM32F3/stm32f3_sysmem.o
 .debug_ranges  0x0000000000000000       0x10 objdir-CW308_STM32F3/stm32f3_sysmem.o
 .debug_line    0x0000000000000000       0xdf objdir-CW308_STM32F3/stm32f3_sysmem.o
 .debug_str     0x0000000000000000      0x5d9 objdir-CW308_STM32F3/stm32f3_sysmem.o
 .comment       0x0000000000000000       0x32 objdir-CW308_STM32F3/stm32f3_sysmem.o
 .debug_frame   0x0000000000000000       0x2c objdir-CW308_STM32F3/stm32f3_sysmem.o
 .ARM.attributes
                0x0000000000000000       0x33 objdir-CW308_STM32F3/stm32f3_sysmem.o
 .text          0x0000000000000000        0x0 objdir-CW308_STM32F3/aes.o
 .text.InvSubBytes
                0x0000000000000000       0x34 objdir-CW308_STM32F3/aes.o
 .text.InvShiftRows
                0x0000000000000000       0x3c objdir-CW308_STM32F3/aes.o
 .text.AES128_ECB_encrypt
                0x0000000000000000       0x28 objdir-CW308_STM32F3/aes.o
 .text.AES128_ECB_decrypt
                0x0000000000000000      0x174 objdir-CW308_STM32F3/aes.o
 .text          0x0000000000000000        0x0 objdir-CW308_STM32F3/aes-independant.o
 .data          0x0000000000000000        0x0 objdir-CW308_STM32F3/aes-independant.o
 .bss           0x0000000000000000        0x0 objdir-CW308_STM32F3/aes-independant.o
 COMMON         0x0000000000000000       0x10 objdir-CW308_STM32F3/aes-independant.o
 .text          0x0000000000000000       0x14 objdir-CW308_STM32F3/stm32f3_startup.o
 .data          0x0000000000000000        0x0 objdir-CW308_STM32F3/stm32f3_startup.o
 .bss           0x0000000000000000        0x0 objdir-CW308_STM32F3/stm32f3_startup.o
 .text          0x0000000000000000        0xc /usr/lib/gcc/arm-none-eabi/6.3.1/../../../arm-none-eabi/lib/thumb/v7e-m/libg_nano.a(lib_a-atexit.o)
 .data          0x0000000000000000        0x0 /usr/lib/gcc/arm-none-eabi/6.3.1/../../../arm-none-eabi/lib/thumb/v7e-m/libg_nano.a(lib_a-atexit.o)
 .bss           0x0000000000000000        0x0 /usr/lib/gcc/arm-none-eabi/6.3.1/../../../arm-none-eabi/lib/thumb/v7e-m/libg_nano.a(lib_a-atexit.o)
 .debug_info    0x0000000000000000      0x902 /usr/lib/gcc/arm-none-eabi/6.3.1/../../../arm-none-eabi/lib/thumb/v7e-m/libg_nano.a(lib_a-atexit.o)
 .debug_abbrev  0x0000000000000000      0x1c0 /usr/lib/gcc/arm-none-eabi/6.3.1/../../../arm-none-eabi/lib/thumb/v7e-m/libg_nano.a(lib_a-atexit.o)
 .debug_loc     0x0000000000000000       0x2c /usr/lib/gcc/arm-none-eabi/6.3.1/../../../arm-none-eabi/lib/thumb/v7e-m/libg_nano.a(lib_a-atexit.o)
 .debug_aranges
                0x0000000000000000       0x20 /usr/lib/gcc/arm-none-eabi/6.3.1/../../../arm-none-eabi/lib/thumb/v7e-m/libg_nano.a(lib_a-atexit.o)
 .debug_line    0x0000000000000000      0x151 /usr/lib/gcc/arm-none-eabi/6.3.1/../../../arm-none-eabi/lib/thumb/v7e-m/libg_nano.a(lib_a-atexit.o)
 .debug_str     0x0000000000000000      0x5f4 /usr/lib/gcc/arm-none-eabi/6.3.1/../../../arm-none-eabi/lib/thumb/v7e-m/libg_nano.a(lib_a-atexit.o)
 .comment       0x0000000000000000       0x32 /usr/lib/gcc/arm-none-eabi/6.3.1/../../../arm-none-eabi/lib/thumb/v7e-m/libg_nano.a(lib_a-atexit.o)
 .debug_frame   0x0000000000000000       0x20 /usr/lib/gcc/arm-none-eabi/6.3.1/../../../arm-none-eabi/lib/thumb/v7e-m/libg_nano.a(lib_a-atexit.o)
 .ARM.attributes
                0x0000000000000000       0x2e /usr/lib/gcc/arm-none-eabi/6.3.1/../../../arm-none-eabi/lib/thumb/v7e-m/libg_nano.a(lib_a-atexit.o)
 .text          0x0000000000000000        0xc /usr/lib/gcc/arm-none-eabi/6.3.1/../../../arm-none-eabi/lib/thumb/v7e-m/libg_nano.a(lib_a-errno.o)
 .data          0x0000000000000000        0x0 /usr/lib/gcc/arm-none-eabi/6.3.1/../../../arm-none-eabi/lib/thumb/v7e-m/libg_nano.a(lib_a-errno.o)
 .bss           0x0000000000000000        0x0 /usr/lib/gcc/arm-none-eabi/6.3.1/../../../arm-none-eabi/lib/thumb/v7e-m/libg_nano.a(lib_a-errno.o)
 .debug_info    0x0000000000000000      0x8c7 /usr/lib/gcc/arm-none-eabi/6.3.1/../../../arm-none-eabi/lib/thumb/v7e-m/libg_nano.a(lib_a-errno.o)
 .debug_abbrev  0x0000000000000000      0x16f /usr/lib/gcc/arm-none-eabi/6.3.1/../../../arm-none-eabi/lib/thumb/v7e-m/libg_nano.a(lib_a-errno.o)
 .debug_aranges
                0x0000000000000000       0x20 /usr/lib/gcc/arm-none-eabi/6.3.1/../../../arm-none-eabi/lib/thumb/v7e-m/libg_nano.a(lib_a-errno.o)
 .debug_line    0x0000000000000000      0x104 /usr/lib/gcc/arm-none-eabi/6.3.1/../../../arm-none-eabi/lib/thumb/v7e-m/libg_nano.a(lib_a-errno.o)
 .debug_str     0x0000000000000000      0x5bb /usr/lib/gcc/arm-none-eabi/6.3.1/../../../arm-none-eabi/lib/thumb/v7e-m/libg_nano.a(lib_a-errno.o)
 .comment       0x0000000000000000       0x32 /usr/lib/gcc/arm-none-eabi/6.3.1/../../../arm-none-eabi/lib/thumb/v7e-m/libg_nano.a(lib_a-errno.o)
 .debug_frame   0x0000000000000000       0x20 /usr/lib/gcc/arm-none-eabi/6.3.1/../../../arm-none-eabi/lib/thumb/v7e-m/libg_nano.a(lib_a-errno.o)
 .ARM.attributes
                0x0000000000000000       0x2e /usr/lib/gcc/arm-none-eabi/6.3.1/../../../arm-none-eabi/lib/thumb/v7e-m/libg_nano.a(lib_a-errno.o)
 .text          0x0000000000000000       0x28 /usr/lib/gcc/arm-none-eabi/6.3.1/../../../arm-none-eabi/lib/thumb/v7e-m/libg_nano.a(lib_a-exit.o)
 .data          0x0000000000000000        0x0 /usr/lib/gcc/arm-none-eabi/6.3.1/../../../arm-none-eabi/lib/thumb/v7e-m/libg_nano.a(lib_a-exit.o)
 .bss           0x0000000000000000        0x0 /usr/lib/gcc/arm-none-eabi/6.3.1/../../../arm-none-eabi/lib/thumb/v7e-m/libg_nano.a(lib_a-exit.o)
 .debug_info    0x0000000000000000      0x94e /usr/lib/gcc/arm-none-eabi/6.3.1/../../../arm-none-eabi/lib/thumb/v7e-m/libg_nano.a(lib_a-exit.o)
 .debug_abbrev  0x0000000000000000      0x1c4 /usr/lib/gcc/arm-none-eabi/6.3.1/../../../arm-none-eabi/lib/thumb/v7e-m/libg_nano.a(lib_a-exit.o)
 .debug_loc     0x0000000000000000       0x1e /usr/lib/gcc/arm-none-eabi/6.3.1/../../../arm-none-eabi/lib/thumb/v7e-m/libg_nano.a(lib_a-exit.o)
 .debug_aranges
                0x0000000000000000       0x20 /usr/lib/gcc/arm-none-eabi/6.3.1/../../../arm-none-eabi/lib/thumb/v7e-m/libg_nano.a(lib_a-exit.o)
 .debug_line    0x0000000000000000      0x155 /usr/lib/gcc/arm-none-eabi/6.3.1/../../../arm-none-eabi/lib/thumb/v7e-m/libg_nano.a(lib_a-exit.o)
 .debug_str     0x0000000000000000      0x5f5 /usr/lib/gcc/arm-none-eabi/6.3.1/../../../arm-none-eabi/lib/thumb/v7e-m/libg_nano.a(lib_a-exit.o)
 .comment       0x0000000000000000       0x32 /usr/lib/gcc/arm-none-eabi/6.3.1/../../../arm-none-eabi/lib/thumb/v7e-m/libg_nano.a(lib_a-exit.o)
 .debug_frame   0x0000000000000000       0x28 /usr/lib/gcc/arm-none-eabi/6.3.1/../../../arm-none-eabi/lib/thumb/v7e-m/libg_nano.a(lib_a-exit.o)
 .ARM.attributes
                0x0000000000000000       0x2e /usr/lib/gcc/arm-none-eabi/6.3.1/../../../arm-none-eabi/lib/thumb/v7e-m/libg_nano.a(lib_a-exit.o)
 .text          0x0000000000000000       0x34 /usr/lib/gcc/arm-none-eabi/6.3.1/../../../arm-none-eabi/lib/thumb/v7e-m/libg_nano.a(lib_a-fini.o)
 .data          0x0000000000000000        0x0 /usr/lib/gcc/arm-none-eabi/6.3.1/../../../arm-none-eabi/lib/thumb/v7e-m/libg_nano.a(lib_a-fini.o)
 .bss           0x0000000000000000        0x0 /usr/lib/gcc/arm-none-eabi/6.3.1/../../../arm-none-eabi/lib/thumb/v7e-m/libg_nano.a(lib_a-fini.o)
 .debug_info    0x0000000000000000       0xfa /usr/lib/gcc/arm-none-eabi/6.3.1/../../../arm-none-eabi/lib/thumb/v7e-m/libg_nano.a(lib_a-fini.o)
 .debug_abbrev  0x0000000000000000       0xbd /usr/lib/gcc/arm-none-eabi/6.3.1/../../../arm-none-eabi/lib/thumb/v7e-m/libg_nano.a(lib_a-fini.o)
 .debug_loc     0x0000000000000000       0x5c /usr/lib/gcc/arm-none-eabi/6.3.1/../../../arm-none-eabi/lib/thumb/v7e-m/libg_nano.a(lib_a-fini.o)
 .debug_aranges
                0x0000000000000000       0x20 /usr/lib/gcc/arm-none-eabi/6.3.1/../../../arm-none-eabi/lib/thumb/v7e-m/libg_nano.a(lib_a-fini.o)
 .debug_line    0x0000000000000000       0x9f /usr/lib/gcc/arm-none-eabi/6.3.1/../../../arm-none-eabi/lib/thumb/v7e-m/libg_nano.a(lib_a-fini.o)
 .debug_str     0x0000000000000000      0x1d0 /usr/lib/gcc/arm-none-eabi/6.3.1/../../../arm-none-eabi/lib/thumb/v7e-m/libg_nano.a(lib_a-fini.o)
 .comment       0x0000000000000000       0x32 /usr/lib/gcc/arm-none-eabi/6.3.1/../../../arm-none-eabi/lib/thumb/v7e-m/libg_nano.a(lib_a-fini.o)
 .debug_frame   0x0000000000000000       0x34 /usr/lib/gcc/arm-none-eabi/6.3.1/../../../arm-none-eabi/lib/thumb/v7e-m/libg_nano.a(lib_a-fini.o)
 .ARM.attributes
                0x0000000000000000       0x2e /usr/lib/gcc/arm-none-eabi/6.3.1/../../../arm-none-eabi/lib/thumb/v7e-m/libg_nano.a(lib_a-fini.o)
 .text          0x0000000000000000        0x0 /usr/lib/gcc/arm-none-eabi/6.3.1/../../../arm-none-eabi/lib/thumb/v7e-m/libg_nano.a(lib_a-impure.o)
 .data          0x0000000000000000       0x64 /usr/lib/gcc/arm-none-eabi/6.3.1/../../../arm-none-eabi/lib/thumb/v7e-m/libg_nano.a(lib_a-impure.o)
 .bss           0x0000000000000000        0x0 /usr/lib/gcc/arm-none-eabi/6.3.1/../../../arm-none-eabi/lib/thumb/v7e-m/libg_nano.a(lib_a-impure.o)
 .rodata        0x0000000000000000        0x4 /usr/lib/gcc/arm-none-eabi/6.3.1/../../../arm-none-eabi/lib/thumb/v7e-m/libg_nano.a(lib_a-impure.o)
 .rodata.str1.4
                0x0000000000000000        0x2 /usr/lib/gcc/arm-none-eabi/6.3.1/../../../arm-none-eabi/lib/thumb/v7e-m/libg_nano.a(lib_a-impure.o)
 .debug_info    0x0000000000000000      0x8a0 /usr/lib/gcc/arm-none-eabi/6.3.1/../../../arm-none-eabi/lib/thumb/v7e-m/libg_nano.a(lib_a-impure.o)
 .debug_abbrev  0x0000000000000000      0x153 /usr/lib/gcc/arm-none-eabi/6.3.1/../../../arm-none-eabi/lib/thumb/v7e-m/libg_nano.a(lib_a-impure.o)
 .debug_aranges
                0x0000000000000000       0x18 /usr/lib/gcc/arm-none-eabi/6.3.1/../../../arm-none-eabi/lib/thumb/v7e-m/libg_nano.a(lib_a-impure.o)
 .debug_line    0x0000000000000000       0xe9 /usr/lib/gcc/arm-none-eabi/6.3.1/../../../arm-none-eabi/lib/thumb/v7e-m/libg_nano.a(lib_a-impure.o)
 .debug_str     0x0000000000000000      0x5a9 /usr/lib/gcc/arm-none-eabi/6.3.1/../../../arm-none-eabi/lib/thumb/v7e-m/libg_nano.a(lib_a-impure.o)
 .comment       0x0000000000000000       0x32 /usr/lib/gcc/arm-none-eabi/6.3.1/../../../arm-none-eabi/lib/thumb/v7e-m/libg_nano.a(lib_a-impure.o)
 .ARM.attributes
                0x0000000000000000       0x2e /usr/lib/gcc/arm-none-eabi/6.3.1/../../../arm-none-eabi/lib/thumb/v7e-m/libg_nano.a(lib_a-impure.o)
 .data          0x0000000000000000        0x0 /usr/lib/gcc/arm-none-eabi/6.3.1/../../../arm-none-eabi/lib/thumb/v7e-m/libg_nano.a(lib_a-init.o)
 .bss           0x0000000000000000        0x0 /usr/lib/gcc/arm-none-eabi/6.3.1/../../../arm-none-eabi/lib/thumb/v7e-m/libg_nano.a(lib_a-init.o)
 .text          0x0000000000000000       0x9c /usr/lib/gcc/arm-none-eabi/6.3.1/../../../arm-none-eabi/lib/thumb/v7e-m/libg_nano.a(lib_a-memset.o)
 .data          0x0000000000000000        0x0 /usr/lib/gcc/arm-none-eabi/6.3.1/../../../arm-none-eabi/lib/thumb/v7e-m/libg_nano.a(lib_a-memset.o)
 .bss           0x0000000000000000        0x0 /usr/lib/gcc/arm-none-eabi/6.3.1/../../../arm-none-eabi/lib/thumb/v7e-m/libg_nano.a(lib_a-memset.o)
 .debug_info    0x0000000000000000      0x916 /usr/lib/gcc/arm-none-eabi/6.3.1/../../../arm-none-eabi/lib/thumb/v7e-m/libg_nano.a(lib_a-memset.o)
 .debug_abbrev  0x0000000000000000      0x197 /usr/lib/gcc/arm-none-eabi/6.3.1/../../../arm-none-eabi/lib/thumb/v7e-m/libg_nano.a(lib_a-memset.o)
 .debug_loc     0x0000000000000000      0x1bd /usr/lib/gcc/arm-none-eabi/6.3.1/../../../arm-none-eabi/lib/thumb/v7e-m/libg_nano.a(lib_a-memset.o)
 .debug_aranges
                0x0000000000000000       0x20 /usr/lib/gcc/arm-none-eabi/6.3.1/../../../arm-none-eabi/lib/thumb/v7e-m/libg_nano.a(lib_a-memset.o)
 .debug_line    0x0000000000000000      0x176 /usr/lib/gcc/arm-none-eabi/6.3.1/../../../arm-none-eabi/lib/thumb/v7e-m/libg_nano.a(lib_a-memset.o)
 .debug_str     0x0000000000000000      0x5c1 /usr/lib/gcc/arm-none-eabi/6.3.1/../../../arm-none-eabi/lib/thumb/v7e-m/libg_nano.a(lib_a-memset.o)
 .comment       0x0000000000000000       0x32 /usr/lib/gcc/arm-none-eabi/6.3.1/../../../arm-none-eabi/lib/thumb/v7e-m/libg_nano.a(lib_a-memset.o)
 .debug_frame   0x0000000000000000       0x34 /usr/lib/gcc/arm-none-eabi/6.3.1/../../../arm-none-eabi/lib/thumb/v7e-m/libg_nano.a(lib_a-memset.o)
 .ARM.attributes
                0x0000000000000000       0x2e /usr/lib/gcc/arm-none-eabi/6.3.1/../../../arm-none-eabi/lib/thumb/v7e-m/libg_nano.a(lib_a-memset.o)
 .text          0x0000000000000000       0xd0 /usr/lib/gcc/arm-none-eabi/6.3.1/../../../arm-none-eabi/lib/thumb/v7e-m/libg_nano.a(lib_a-__atexit.o)
 .data          0x0000000000000000        0x4 /usr/lib/gcc/arm-none-eabi/6.3.1/../../../arm-none-eabi/lib/thumb/v7e-m/libg_nano.a(lib_a-__atexit.o)
 .bss           0x0000000000000000       0x8c /usr/lib/gcc/arm-none-eabi/6.3.1/../../../arm-none-eabi/lib/thumb/v7e-m/libg_nano.a(lib_a-__atexit.o)
 .debug_info    0x0000000000000000      0x9a0 /usr/lib/gcc/arm-none-eabi/6.3.1/../../../arm-none-eabi/lib/thumb/v7e-m/libg_nano.a(lib_a-__atexit.o)
 .debug_abbrev  0x0000000000000000      0x227 /usr/lib/gcc/arm-none-eabi/6.3.1/../../../arm-none-eabi/lib/thumb/v7e-m/libg_nano.a(lib_a-__atexit.o)
 .debug_loc     0x0000000000000000      0x1e7 /usr/lib/gcc/arm-none-eabi/6.3.1/../../../arm-none-eabi/lib/thumb/v7e-m/libg_nano.a(lib_a-__atexit.o)
 .debug_aranges
                0x0000000000000000       0x20 /usr/lib/gcc/arm-none-eabi/6.3.1/../../../arm-none-eabi/lib/thumb/v7e-m/libg_nano.a(lib_a-__atexit.o)
 .debug_line    0x0000000000000000      0x18c /usr/lib/gcc/arm-none-eabi/6.3.1/../../../arm-none-eabi/lib/thumb/v7e-m/libg_nano.a(lib_a-__atexit.o)
 .debug_str     0x0000000000000000      0x63c /usr/lib/gcc/arm-none-eabi/6.3.1/../../../arm-none-eabi/lib/thumb/v7e-m/libg_nano.a(lib_a-__atexit.o)
 .comment       0x0000000000000000       0x32 /usr/lib/gcc/arm-none-eabi/6.3.1/../../../arm-none-eabi/lib/thumb/v7e-m/libg_nano.a(lib_a-__atexit.o)
 .debug_frame   0x0000000000000000       0x34 /usr/lib/gcc/arm-none-eabi/6.3.1/../../../arm-none-eabi/lib/thumb/v7e-m/libg_nano.a(lib_a-__atexit.o)
 .ARM.attributes
                0x0000000000000000       0x2e /usr/lib/gcc/arm-none-eabi/6.3.1/../../../arm-none-eabi/lib/thumb/v7e-m/libg_nano.a(lib_a-__atexit.o)
 .text          0x0000000000000000       0xf4 /usr/lib/gcc/arm-none-eabi/6.3.1/../../../arm-none-eabi/lib/thumb/v7e-m/libg_nano.a(lib_a-__call_atexit.o)
 .data          0x0000000000000000        0x0 /usr/lib/gcc/arm-none-eabi/6.3.1/../../../arm-none-eabi/lib/thumb/v7e-m/libg_nano.a(lib_a-__call_atexit.o)
 .bss           0x0000000000000000        0x4 /usr/lib/gcc/arm-none-eabi/6.3.1/../../../arm-none-eabi/lib/thumb/v7e-m/libg_nano.a(lib_a-__call_atexit.o)
 .debug_info    0x0000000000000000      0x98a /usr/lib/gcc/arm-none-eabi/6.3.1/../../../arm-none-eabi/lib/thumb/v7e-m/libg_nano.a(lib_a-__call_atexit.o)
 .debug_abbrev  0x0000000000000000      0x210 /usr/lib/gcc/arm-none-eabi/6.3.1/../../../arm-none-eabi/lib/thumb/v7e-m/libg_nano.a(lib_a-__call_atexit.o)
 .debug_loc     0x0000000000000000      0x173 /usr/lib/gcc/arm-none-eabi/6.3.1/../../../arm-none-eabi/lib/thumb/v7e-m/libg_nano.a(lib_a-__call_atexit.o)
 .debug_aranges
                0x0000000000000000       0x20 /usr/lib/gcc/arm-none-eabi/6.3.1/../../../arm-none-eabi/lib/thumb/v7e-m/libg_nano.a(lib_a-__call_atexit.o)
 .debug_ranges  0x0000000000000000       0x20 /usr/lib/gcc/arm-none-eabi/6.3.1/../../../arm-none-eabi/lib/thumb/v7e-m/libg_nano.a(lib_a-__call_atexit.o)
 .debug_line    0x0000000000000000      0x1b9 /usr/lib/gcc/arm-none-eabi/6.3.1/../../../arm-none-eabi/lib/thumb/v7e-m/libg_nano.a(lib_a-__call_atexit.o)
 .debug_str     0x0000000000000000      0x5ec /usr/lib/gcc/arm-none-eabi/6.3.1/../../../arm-none-eabi/lib/thumb/v7e-m/libg_nano.a(lib_a-__call_atexit.o)
 .comment       0x0000000000000000       0x32 /usr/lib/gcc/arm-none-eabi/6.3.1/../../../arm-none-eabi/lib/thumb/v7e-m/libg_nano.a(lib_a-__call_atexit.o)
 .debug_frame   0x0000000000000000       0x40 /usr/lib/gcc/arm-none-eabi/6.3.1/../../../arm-none-eabi/lib/thumb/v7e-m/libg_nano.a(lib_a-__call_atexit.o)
 .ARM.attributes
                0x0000000000000000       0x2e /usr/lib/gcc/arm-none-eabi/6.3.1/../../../arm-none-eabi/lib/thumb/v7e-m/libg_nano.a(lib_a-__call_atexit.o)
 .text          0x0000000000000000        0x4 /usr/lib/gcc/arm-none-eabi/6.3.1/../../../arm-none-eabi/lib/thumb/v7e-m/libnosys.a(_exit.o)
 .data          0x0000000000000000        0x0 /usr/lib/gcc/arm-none-eabi/6.3.1/../../../arm-none-eabi/lib/thumb/v7e-m/libnosys.a(_exit.o)
 .bss           0x0000000000000000        0x0 /usr/lib/gcc/arm-none-eabi/6.3.1/../../../arm-none-eabi/lib/thumb/v7e-m/libnosys.a(_exit.o)
 .debug_info    0x0000000000000000       0x9a /usr/lib/gcc/arm-none-eabi/6.3.1/../../../arm-none-eabi/lib/thumb/v7e-m/libnosys.a(_exit.o)
 .debug_abbrev  0x0000000000000000       0x61 /usr/lib/gcc/arm-none-eabi/6.3.1/../../../arm-none-eabi/lib/thumb/v7e-m/libnosys.a(_exit.o)
 .debug_aranges
                0x0000000000000000       0x20 /usr/lib/gcc/arm-none-eabi/6.3.1/../../../arm-none-eabi/lib/thumb/v7e-m/libnosys.a(_exit.o)
 .debug_line    0x0000000000000000       0x5b /usr/lib/gcc/arm-none-eabi/6.3.1/../../../arm-none-eabi/lib/thumb/v7e-m/libnosys.a(_exit.o)
 .debug_str     0x0000000000000000      0x160 /usr/lib/gcc/arm-none-eabi/6.3.1/../../../arm-none-eabi/lib/thumb/v7e-m/libnosys.a(_exit.o)
 .comment       0x0000000000000000       0x32 /usr/lib/gcc/arm-none-eabi/6.3.1/../../../arm-none-eabi/lib/thumb/v7e-m/libnosys.a(_exit.o)
 .debug_frame   0x0000000000000000       0x20 /usr/lib/gcc/arm-none-eabi/6.3.1/../../../arm-none-eabi/lib/thumb/v7e-m/libnosys.a(_exit.o)
 .ARM.attributes
                0x0000000000000000       0x2e /usr/lib/gcc/arm-none-eabi/6.3.1/../../../arm-none-eabi/lib/thumb/v7e-m/libnosys.a(_exit.o)
 .text          0x0000000000000000        0x0 /usr/lib/gcc/arm-none-eabi/6.3.1/thumb/v7e-m/crtend.o
 .data          0x0000000000000000        0x0 /usr/lib/gcc/arm-none-eabi/6.3.1/thumb/v7e-m/crtend.o
 .bss           0x0000000000000000        0x0 /usr/lib/gcc/arm-none-eabi/6.3.1/thumb/v7e-m/crtend.o
 .eh_frame      0x0000000000000000        0x4 /usr/lib/gcc/arm-none-eabi/6.3.1/thumb/v7e-m/crtend.o
 .jcr           0x0000000000000000        0x4 /usr/lib/gcc/arm-none-eabi/6.3.1/thumb/v7e-m/crtend.o
 .text          0x0000000000000000        0x0 /usr/lib/gcc/arm-none-eabi/6.3.1/thumb/v7e-m/crtn.o
 .data          0x0000000000000000        0x0 /usr/lib/gcc/arm-none-eabi/6.3.1/thumb/v7e-m/crtn.o
 .bss           0x0000000000000000        0x0 /usr/lib/gcc/arm-none-eabi/6.3.1/thumb/v7e-m/crtn.o

Memory Configuration

Name             Origin             Length             Attributes
RAM              0x0000000020000000 0x0000000000003000 xrw
ROM              0x0000000008000000 0x0000000000010000 xr
*default*        0x0000000000000000 0xffffffffffffffff

Linker script and memory map

LOAD /usr/lib/gcc/arm-none-eabi/6.3.1/thumb/v7e-m/crti.o
LOAD /usr/lib/gcc/arm-none-eabi/6.3.1/thumb/v7e-m/crtbegin.o
LOAD /usr/lib/gcc/arm-none-eabi/6.3.1/../../../arm-none-eabi/lib/thumb/v7e-m/crt0.o
LOAD objdir-CW308_STM32F3/simpleserial-trace.o
LOAD objdir-CW308_STM32F3/simpleserial.o
LOAD objdir-CW308_STM32F3/stm32f3_hal.o
LOAD objdir-CW308_STM32F3/stm32f3_hal_lowlevel.o
LOAD objdir-CW308_STM32F3/stm32f3_sysmem.o
LOAD objdir-CW308_STM32F3/aes.o
LOAD objdir-CW308_STM32F3/aes-independant.o
LOAD objdir-CW308_STM32F3/stm32f3_startup.o
LOAD /usr/lib/gcc/arm-none-eabi/6.3.1/../../../arm-none-eabi/lib/thumb/v7e-m/libm.a
LOAD /usr/lib/gcc/arm-none-eabi/6.3.1/../../../arm-none-eabi/lib/thumb/v7e-m/libm.a
START GROUP
LOAD /usr/lib/gcc/arm-none-eabi/6.3.1/thumb/v7e-m/libgcc.a
LOAD /usr/lib/gcc/arm-none-eabi/6.3.1/../../../arm-none-eabi/lib/thumb/v7e-m/libg_nano.a
LOAD /usr/lib/gcc/arm-none-eabi/6.3.1/../../../arm-none-eabi/lib/thumb/v7e-m/libc_nano.a
END GROUP
START GROUP
LOAD /usr/lib/gcc/arm-none-eabi/6.3.1/thumb/v7e-m/libgcc.a
LOAD /usr/lib/gcc/arm-none-eabi/6.3.1/../../../arm-none-eabi/lib/thumb/v7e-m/libc_nano.a
LOAD /usr/lib/gcc/arm-none-eabi/6.3.1/../../../arm-none-eabi/lib/thumb/v7e-m/libnosys.a
END GROUP
START GROUP
LOAD /usr/lib/gcc/arm-none-eabi/6.3.1/thumb/v7e-m/libgcc.a
LOAD /usr/lib/gcc/arm-none-eabi/6.3.1/../../../arm-none-eabi/lib/thumb/v7e-m/libc_nano.a
LOAD /usr/lib/gcc/arm-none-eabi/6.3.1/../../../arm-none-eabi/lib/thumb/v7e-m/libnosys.a
END GROUP
LOAD /usr/lib/gcc/arm-none-eabi/6.3.1/thumb/v7e-m/crtend.o
LOAD /usr/lib/gcc/arm-none-eabi/6.3.1/thumb/v7e-m/crtn.o
                0x0000000020003000                _estack = 0x20003000
                0x0000000000000000                _Min_Heap_Size = 0x0
                0x0000000000000400                _Min_Stack_Size = 0x400

.isr_vector     0x0000000008000000      0x188
                0x0000000008000000                . = ALIGN (0x4)
 *(.isr_vector)
 .isr_vector    0x0000000008000000      0x188 objdir-CW308_STM32F3/stm32f3_startup.o
                0x0000000008000000                g_pfnVectors
                0x0000000008000188                . = ALIGN (0x4)

.text           0x0000000008000188     0x1898
                0x0000000008000188                . = ALIGN (0x4)
 *(.text)
 .text          0x0000000008000188       0xa4 /usr/lib/gcc/arm-none-eabi/6.3.1/thumb/v7e-m/crtbegin.o
 .text          0x000000000800022c       0x50 /usr/lib/gcc/arm-none-eabi/6.3.1/../../../arm-none-eabi/lib/thumb/v7e-m/libg_nano.a(lib_a-init.o)
                0x000000000800022c                __libc_init_array
 *(.text*)
 .text.setreg   0x000000000800027c       0xe0 objdir-CW308_STM32F3/simpleserial-trace.o
                0x000000000800027c                setreg
 .text.reset    0x000000000800035c        0x4 objdir-CW308_STM32F3/simpleserial-trace.o
                0x000000000800035c                reset
 .text.getreg   0x0000000008000360       0xb4 objdir-CW308_STM32F3/simpleserial-trace.o
                0x0000000008000360                getreg
 .text.set_pcsample_params
                0x0000000008000414       0x50 objdir-CW308_STM32F3/simpleserial-trace.o
                0x0000000008000414                set_pcsample_params
 .text.get_mask
                0x0000000008000464        0xa objdir-CW308_STM32F3/simpleserial-trace.o
                0x0000000008000464                get_mask
 .text.get_key  0x000000000800046e        0xa objdir-CW308_STM32F3/simpleserial-trace.o
                0x000000000800046e                get_key
 .text.enable_trace
                0x0000000008000478       0xc4 objdir-CW308_STM32F3/simpleserial-trace.o
                0x0000000008000478                enable_trace
 .text.reenable_trace
                0x000000000800053c        0xa objdir-CW308_STM32F3/simpleserial-trace.o
                0x000000000800053c                reenable_trace
 .text.print    0x0000000008000546       0x12 objdir-CW308_STM32F3/simpleserial-trace.o
                0x0000000008000546                print
 .text.info     0x0000000008000558       0x38 objdir-CW308_STM32F3/simpleserial-trace.o
                0x0000000008000558                info
 .text.ITM_Print
                0x0000000008000590       0x40 objdir-CW308_STM32F3/simpleserial-trace.o
                0x0000000008000590                ITM_Print
 .text.test_itm
                0x00000000080005d0       0x14 objdir-CW308_STM32F3/simpleserial-trace.o
                0x00000000080005d0                test_itm
 .text.trigger_high_pcsamp
                0x00000000080005e4       0x20 objdir-CW308_STM32F3/simpleserial-trace.o
                0x00000000080005e4                trigger_high_pcsamp
 .text.trigger_low_pcsamp
                0x0000000008000604       0x18 objdir-CW308_STM32F3/simpleserial-trace.o
                0x0000000008000604                trigger_low_pcsamp
 .text.get_pt   0x000000000800061c       0x2a objdir-CW308_STM32F3/simpleserial-trace.o
                0x000000000800061c                get_pt
 *fill*         0x0000000008000646        0x2 
 .text.startup.main
                0x0000000008000648       0xd4 objdir-CW308_STM32F3/simpleserial-trace.o
                0x0000000008000648                main
 .text.check_version
                0x000000000800071c        0x4 objdir-CW308_STM32F3/simpleserial.o
                0x000000000800071c                check_version
 .text.hex_decode
                0x0000000008000720       0x78 objdir-CW308_STM32F3/simpleserial.o
                0x0000000008000720                hex_decode
 .text.simpleserial_addcmd_flags
                0x0000000008000798       0x2c objdir-CW308_STM32F3/simpleserial.o
                0x0000000008000798                simpleserial_addcmd_flags
 .text.simpleserial_addcmd
                0x00000000080007c4        0x6 objdir-CW308_STM32F3/simpleserial.o
                0x00000000080007c4                simpleserial_addcmd
 *fill*         0x00000000080007ca        0x2 
 .text.simpleserial_init
                0x00000000080007cc       0x30 objdir-CW308_STM32F3/simpleserial.o
                0x00000000080007cc                simpleserial_init
 .text.simpleserial_put
                0x00000000080007fc       0x44 objdir-CW308_STM32F3/simpleserial.o
                0x00000000080007fc                simpleserial_put
 .text.ss_num_commands
                0x0000000008000840       0x20 objdir-CW308_STM32F3/simpleserial.o
                0x0000000008000840                ss_num_commands
 .text.ss_get_commands
                0x0000000008000860       0x50 objdir-CW308_STM32F3/simpleserial.o
                0x0000000008000860                ss_get_commands
 .text.simpleserial_get
                0x00000000080008b0       0xc0 objdir-CW308_STM32F3/simpleserial.o
                0x00000000080008b0                simpleserial_get
 .text.platform_init
                0x0000000008000970       0x80 objdir-CW308_STM32F3/stm32f3_hal.o
                0x0000000008000970                platform_init
 .text.init_uart
                0x00000000080009f0       0x78 objdir-CW308_STM32F3/stm32f3_hal.o
                0x00000000080009f0                init_uart
 .text.trigger_setup
                0x0000000008000a68       0x48 objdir-CW308_STM32F3/stm32f3_hal.o
                0x0000000008000a68                trigger_setup
 .text.trigger_high
                0x0000000008000ab0        0xe objdir-CW308_STM32F3/stm32f3_hal.o
                0x0000000008000ab0                trigger_high
 .text.trigger_low
                0x0000000008000abe        0xe objdir-CW308_STM32F3/stm32f3_hal.o
                0x0000000008000abe                trigger_low
 .text.getch    0x0000000008000acc       0x34 objdir-CW308_STM32F3/stm32f3_hal.o
                0x0000000008000acc                getch
 .text.putch    0x0000000008000b00       0x20 objdir-CW308_STM32F3/stm32f3_hal.o
                0x0000000008000b00                putch
 .text.HAL_GetTick
                0x0000000008000b20       0x10 objdir-CW308_STM32F3/stm32f3_hal_lowlevel.o
                0x0000000008000b20                HAL_GetTick
 .text.HAL_RCC_OscConfig
                0x0000000008000b30      0x4e0 objdir-CW308_STM32F3/stm32f3_hal_lowlevel.o
                0x0000000008000b30                HAL_RCC_OscConfig
 .text.HAL_RCC_ClockConfig
                0x0000000008001010      0x14c objdir-CW308_STM32F3/stm32f3_hal_lowlevel.o
                0x0000000008001010                HAL_RCC_ClockConfig
 .text.HAL_GPIO_Init
                0x000000000800115c      0x184 objdir-CW308_STM32F3/stm32f3_hal_lowlevel.o
                0x000000000800115c                HAL_GPIO_Init
 .text.HAL_GPIO_WritePin
                0x00000000080012e0        0xa objdir-CW308_STM32F3/stm32f3_hal_lowlevel.o
                0x00000000080012e0                HAL_GPIO_WritePin
 *fill*         0x00000000080012ea        0x2 
 .text.UART_SetConfig
                0x00000000080012ec      0x1e0 objdir-CW308_STM32F3/stm32f3_hal_lowlevel.o
                0x00000000080012ec                UART_SetConfig
 .text.UART_WaitOnFlagUntilTimeout
                0x00000000080014cc       0x58 objdir-CW308_STM32F3/stm32f3_hal_lowlevel.o
                0x00000000080014cc                UART_WaitOnFlagUntilTimeout
 .text.UART_CheckIdleState
                0x0000000008001524       0x64 objdir-CW308_STM32F3/stm32f3_hal_lowlevel.o
                0x0000000008001524                UART_CheckIdleState
 .text.HAL_UART_Init
                0x0000000008001588       0x56 objdir-CW308_STM32F3/stm32f3_hal_lowlevel.o
                0x0000000008001588                HAL_UART_Init
 .text.HAL_UART_Transmit
                0x00000000080015de       0xae objdir-CW308_STM32F3/stm32f3_hal_lowlevel.o
                0x00000000080015de                HAL_UART_Transmit
 .text.HAL_UART_Receive
                0x000000000800168c       0xd8 objdir-CW308_STM32F3/stm32f3_hal_lowlevel.o
                0x000000000800168c                HAL_UART_Receive
 .text.KeyExpansion
                0x0000000008001764       0xbc objdir-CW308_STM32F3/aes.o
 .text.AddRoundKey
                0x0000000008001820       0x38 objdir-CW308_STM32F3/aes.o
 .text.SubBytes
                0x0000000008001858       0x30 objdir-CW308_STM32F3/aes.o
 .text.ShiftRows
                0x0000000008001888       0x3c objdir-CW308_STM32F3/aes.o
 .text.xtime    0x00000000080018c4       0x12 objdir-CW308_STM32F3/aes.o
 *fill*         0x00000000080018d6        0x2 
 .text.Cipher   0x00000000080018d8       0x98 objdir-CW308_STM32F3/aes.o
 .text.BlockCopy
                0x0000000008001970       0x14 objdir-CW308_STM32F3/aes.o
 .text.AES128_ECB_indp_setkey
                0x0000000008001984        0xc objdir-CW308_STM32F3/aes.o
                0x0000000008001984                AES128_ECB_indp_setkey
 .text.AES128_ECB_indp_crypto
                0x0000000008001990       0x1c objdir-CW308_STM32F3/aes.o
                0x0000000008001990                AES128_ECB_indp_crypto
 .text.aes_indep_init
                0x00000000080019ac        0x2 objdir-CW308_STM32F3/aes-independant.o
                0x00000000080019ac                aes_indep_init
 .text.aes_indep_key
                0x00000000080019ae        0x4 objdir-CW308_STM32F3/aes-independant.o
                0x00000000080019ae                aes_indep_key
 .text.aes_indep_enc
                0x00000000080019b2        0x4 objdir-CW308_STM32F3/aes-independant.o
                0x00000000080019b2                aes_indep_enc
 .text.aes_indep_enc_pretrigger
                0x00000000080019b6        0x2 objdir-CW308_STM32F3/aes-independant.o
                0x00000000080019b6                aes_indep_enc_pretrigger
 .text.aes_indep_enc_posttrigger
                0x00000000080019b8        0x2 objdir-CW308_STM32F3/aes-independant.o
                0x00000000080019b8                aes_indep_enc_posttrigger
 .text.aes_indep_mask
                0x00000000080019ba        0x2 objdir-CW308_STM32F3/aes-independant.o
                0x00000000080019ba                aes_indep_mask
 .text.Reset_Handler
                0x00000000080019bc       0x48 objdir-CW308_STM32F3/stm32f3_startup.o
                0x00000000080019bc                Reset_Handler
 .text.Default_Handler
                0x0000000008001a04        0x2 objdir-CW308_STM32F3/stm32f3_startup.o
                0x0000000008001a04                DebugMon_Handler
                0x0000000008001a04                HardFault_Handler
                0x0000000008001a04                SysTick_Handler
                0x0000000008001a04                PendSV_Handler
                0x0000000008001a04                NMI_Handler
                0x0000000008001a04                UsageFault_Handler
                0x0000000008001a04                Default_Handler
                0x0000000008001a04                MemManage_Handler
                0x0000000008001a04                SVC_Handler
                0x0000000008001a04                BusFault_Handler
 *(.glue_7)
 .glue_7        0x0000000008001a06        0x0 linker stubs
 *(.glue_7t)
 .glue_7t       0x0000000008001a06        0x0 linker stubs
 *(.eh_frame)
 *fill*         0x0000000008001a06        0x2 
 .eh_frame      0x0000000008001a08        0x0 /usr/lib/gcc/arm-none-eabi/6.3.1/thumb/v7e-m/crtbegin.o
 *(.init)
 .init          0x0000000008001a08        0x4 /usr/lib/gcc/arm-none-eabi/6.3.1/thumb/v7e-m/crti.o
                0x0000000008001a08                _init
 .init          0x0000000008001a0c        0x8 /usr/lib/gcc/arm-none-eabi/6.3.1/thumb/v7e-m/crtn.o
 *(.fini)
 .fini          0x0000000008001a14        0x4 /usr/lib/gcc/arm-none-eabi/6.3.1/thumb/v7e-m/crti.o
                0x0000000008001a14                _fini
 .fini          0x0000000008001a18        0x8 /usr/lib/gcc/arm-none-eabi/6.3.1/thumb/v7e-m/crtn.o
                0x0000000008001a20                . = ALIGN (0x4)
                0x0000000008001a20                _etext = .

.vfp11_veneer   0x0000000008001a20        0x0
 .vfp11_veneer  0x0000000008001a20        0x0 linker stubs

.v4_bx          0x0000000008001a20        0x0
 .v4_bx         0x0000000008001a20        0x0 linker stubs

.iplt           0x0000000008001a20        0x0
 .iplt          0x0000000008001a20        0x0 /usr/lib/gcc/arm-none-eabi/6.3.1/thumb/v7e-m/crtbegin.o

.rodata         0x0000000008001a20       0x88
                0x0000000008001a20                . = ALIGN (0x4)
 *(.rodata)
 .rodata        0x0000000008001a20       0x10 objdir-CW308_STM32F3/simpleserial-trace.o
 .rodata        0x0000000008001a30       0x10 objdir-CW308_STM32F3/simpleserial.o
 .rodata        0x0000000008001a40        0x4 objdir-CW308_STM32F3/stm32f3_hal_lowlevel.o
 *(.rodata*)
 .rodata.str1.1
                0x0000000008001a44       0x61 objdir-CW308_STM32F3/simpleserial-trace.o
                                         0x63 (size before relaxing)
                0x0000000008001aa8                . = ALIGN (0x4)
 *fill*         0x0000000008001aa5        0x3 

.rel.dyn        0x0000000008001aa8        0x0
 .rel.iplt      0x0000000008001aa8        0x0 /usr/lib/gcc/arm-none-eabi/6.3.1/thumb/v7e-m/crtbegin.o

.ARM.extab      0x0000000008001aa8        0x0
                0x0000000008001aa8                . = ALIGN (0x4)
 *(.ARM.extab* .gnu.linkonce.armextab.*)
                0x0000000008001aa8                . = ALIGN (0x4)

.ARM            0x0000000008001aa8        0x0
                0x0000000008001aa8                . = ALIGN (0x4)
                0x0000000008001aa8                __exidx_start = .
 *(.ARM.exidx*)
                0x0000000008001aa8                __exidx_end = .
                0x0000000008001aa8                . = ALIGN (0x4)

.preinit_array  0x0000000008001aa8        0x0
                0x0000000008001aa8                . = ALIGN (0x4)
                0x0000000008001aa8                PROVIDE (__preinit_array_start, .)
 *(.preinit_array*)
                0x0000000008001aa8                PROVIDE (__preinit_array_end, .)
                0x0000000008001aa8                . = ALIGN (0x4)

.init_array     0x0000000008001aa8        0x4
                0x0000000008001aa8                . = ALIGN (0x4)
                0x0000000008001aa8                PROVIDE (__init_array_start, .)
 *(SORT(.init_array.*))
 *(.init_array*)
 .init_array    0x0000000008001aa8        0x4 /usr/lib/gcc/arm-none-eabi/6.3.1/thumb/v7e-m/crtbegin.o
                0x0000000008001aac                PROVIDE (__init_array_end, .)
                0x0000000008001aac                . = ALIGN (0x4)

.fini_array     0x0000000008001aac        0x4
                0x0000000008001aac                . = ALIGN (0x4)
                0x0000000008001aac                PROVIDE (__fini_array_start, .)
 *(SORT(.fini_array.*))
 *(.fini_array*)
 .fini_array    0x0000000008001aac        0x4 /usr/lib/gcc/arm-none-eabi/6.3.1/thumb/v7e-m/crtbegin.o
                0x0000000008001ab0                PROVIDE (__fini_array_end, .)
                0x0000000008001ab0                . = ALIGN (0x4)
                0x0000000008001ab0                _sidata = LOADADDR (.data)

.data           0x0000000020000000      0x20c load address 0x0000000008001ab0
                0x0000000020000000                . = ALIGN (0x4)
                0x0000000020000000                _sdata = .
 *(.data)
 .data          0x0000000020000000      0x20b objdir-CW308_STM32F3/aes.o
                0x0000000020000000                sbox
                0x0000000020000100                Rcon
                0x000000002000010b                rsbox
 *(.data*)
                0x000000002000020c                . = ALIGN (0x4)
 *fill*         0x000000002000020b        0x1 
                0x000000002000020c                _edata = .

.jcr            0x000000002000020c        0x0 load address 0x0000000008001cbc
 .jcr           0x000000002000020c        0x0 /usr/lib/gcc/arm-none-eabi/6.3.1/thumb/v7e-m/crtbegin.o

.tm_clone_table
                0x000000002000020c        0x0 load address 0x0000000008001cbc
 .tm_clone_table
                0x000000002000020c        0x0 /usr/lib/gcc/arm-none-eabi/6.3.1/thumb/v7e-m/crtbegin.o
 .tm_clone_table
                0x000000002000020c        0x0 /usr/lib/gcc/arm-none-eabi/6.3.1/thumb/v7e-m/crtend.o

.igot.plt       0x000000002000020c        0x0 load address 0x0000000008001cbc
 .igot.plt      0x000000002000020c        0x0 /usr/lib/gcc/arm-none-eabi/6.3.1/thumb/v7e-m/crtbegin.o
                0x000000002000020c                . = ALIGN (0x4)

.bss            0x000000002000020c      0x264 load address 0x0000000008001cbc
                0x000000002000020c                _sbss = .
                0x000000002000020c                __bss_start__ = _sbss
 *(.bss)
 .bss           0x000000002000020c       0x1c /usr/lib/gcc/arm-none-eabi/6.3.1/thumb/v7e-m/crtbegin.o
 .bss           0x0000000020000228      0x104 objdir-CW308_STM32F3/simpleserial.o
 .bss           0x000000002000032c        0x8 objdir-CW308_STM32F3/stm32f3_hal_lowlevel.o
                0x000000002000032c                hal_sys_tick
                0x0000000020000330                uwTick
 .bss           0x0000000020000334       0xc8 objdir-CW308_STM32F3/aes.o
 *(.bss*)
 *(COMMON)
 COMMON         0x00000000200003fc        0x1 objdir-CW308_STM32F3/simpleserial-trace.o
                0x00000000200003fc                pcsamp_enable
 *fill*         0x00000000200003fd        0x3 
 COMMON         0x0000000020000400       0x70 objdir-CW308_STM32F3/stm32f3_hal.o
                0x0000000020000400                UartHandle
                0x0000000020000470                . = ALIGN (0x4)
                0x0000000020000470                _ebss = .
                0x0000000020000470                __bss_end__ = _ebss

._user_heap_stack
                0x0000000020000470      0x400 load address 0x0000000008001cbc
                0x0000000020000470                . = ALIGN (0x8)
                0x0000000020000470                PROVIDE (end, .)
                [!provide]                        PROVIDE (_end, .)
                0x0000000020000470                . = (. + _Min_Heap_Size)
                0x0000000020000870                . = (. + _Min_Stack_Size)
 *fill*         0x0000000020000470      0x400 
                0x0000000020000870                . = ALIGN (0x8)

/DISCARD/
 libc.a(*)
 libm.a(*)
 libgcc.a(*)

.ARM.attributes
                0x0000000000000000       0x2a
 *(.ARM.attributes)
 .ARM.attributes
                0x0000000000000000       0x1e /usr/lib/gcc/arm-none-eabi/6.3.1/thumb/v7e-m/crti.o
 .ARM.attributes
                0x000000000000001e       0x2e /usr/lib/gcc/arm-none-eabi/6.3.1/thumb/v7e-m/crtbegin.o
 .ARM.attributes
                0x000000000000004c       0x33 objdir-CW308_STM32F3/simpleserial-trace.o
 .ARM.attributes
                0x000000000000007f       0x33 objdir-CW308_STM32F3/simpleserial.o
 .ARM.attributes
                0x00000000000000b2       0x33 objdir-CW308_STM32F3/stm32f3_hal.o
 .ARM.attributes
                0x00000000000000e5       0x33 objdir-CW308_STM32F3/stm32f3_hal_lowlevel.o
 .ARM.attributes
                0x0000000000000118       0x33 objdir-CW308_STM32F3/aes.o
 .ARM.attributes
                0x000000000000014b       0x33 objdir-CW308_STM32F3/aes-independant.o
 .ARM.attributes
                0x000000000000017e       0x21 objdir-CW308_STM32F3/stm32f3_startup.o
 .ARM.attributes
                0x000000000000019f       0x2e /usr/lib/gcc/arm-none-eabi/6.3.1/../../../arm-none-eabi/lib/thumb/v7e-m/libg_nano.a(lib_a-init.o)
 .ARM.attributes
                0x00000000000001cd       0x2e /usr/lib/gcc/arm-none-eabi/6.3.1/thumb/v7e-m/crtend.o
 .ARM.attributes
                0x00000000000001fb       0x1e /usr/lib/gcc/arm-none-eabi/6.3.1/thumb/v7e-m/crtn.o
OUTPUT(simpleserial-trace-CW308_STM32F3.elf elf32-littlearm)

.comment        0x0000000000000000       0x31
 .comment       0x0000000000000000       0x31 /usr/lib/gcc/arm-none-eabi/6.3.1/thumb/v7e-m/crtbegin.o
                                         0x32 (size before relaxing)
 .comment       0x0000000000000031       0x32 objdir-CW308_STM32F3/simpleserial-trace.o
 .comment       0x0000000000000031       0x32 objdir-CW308_STM32F3/simpleserial.o
 .comment       0x0000000000000031       0x32 objdir-CW308_STM32F3/stm32f3_hal.o
 .comment       0x0000000000000031       0x32 objdir-CW308_STM32F3/stm32f3_hal_lowlevel.o
 .comment       0x0000000000000031       0x32 objdir-CW308_STM32F3/aes.o
 .comment       0x0000000000000031       0x32 objdir-CW308_STM32F3/aes-independant.o
 .comment       0x0000000000000031       0x32 /usr/lib/gcc/arm-none-eabi/6.3.1/../../../arm-none-eabi/lib/thumb/v7e-m/libg_nano.a(lib_a-init.o)
 .comment       0x0000000000000031       0x32 /usr/lib/gcc/arm-none-eabi/6.3.1/thumb/v7e-m/crtend.o

.debug_info     0x0000000000000000     0x7c2b
 .debug_info    0x0000000000000000     0x1dc1 objdir-CW308_STM32F3/simpleserial-trace.o
 .debug_info    0x0000000000001dc1      0x709 objdir-CW308_STM32F3/simpleserial.o
 .debug_info    0x00000000000024ca     0x1720 objdir-CW308_STM32F3/stm32f3_hal.o
 .debug_info    0x0000000000003bea     0x2b95 objdir-CW308_STM32F3/stm32f3_hal_lowlevel.o
 .debug_info    0x000000000000677f     0x11c3 objdir-CW308_STM32F3/aes.o
 .debug_info    0x0000000000007942      0x1d9 objdir-CW308_STM32F3/aes-independant.o
 .debug_info    0x0000000000007b1b      0x110 /usr/lib/gcc/arm-none-eabi/6.3.1/../../../arm-none-eabi/lib/thumb/v7e-m/libg_nano.a(lib_a-init.o)

.debug_abbrev   0x0000000000000000     0x12bc
 .debug_abbrev  0x0000000000000000      0x37e objdir-CW308_STM32F3/simpleserial-trace.o
 .debug_abbrev  0x000000000000037e      0x258 objdir-CW308_STM32F3/simpleserial.o
 .debug_abbrev  0x00000000000005d6      0x296 objdir-CW308_STM32F3/stm32f3_hal.o
 .debug_abbrev  0x000000000000086c      0x4a8 objdir-CW308_STM32F3/stm32f3_hal_lowlevel.o
 .debug_abbrev  0x0000000000000d14      0x3c1 objdir-CW308_STM32F3/aes.o
 .debug_abbrev  0x00000000000010d5      0x12d objdir-CW308_STM32F3/aes-independant.o
 .debug_abbrev  0x0000000000001202       0xba /usr/lib/gcc/arm-none-eabi/6.3.1/../../../arm-none-eabi/lib/thumb/v7e-m/libg_nano.a(lib_a-init.o)

.debug_loc      0x0000000000000000     0x27b0
 .debug_loc     0x0000000000000000      0x68e objdir-CW308_STM32F3/simpleserial-trace.o
 .debug_loc     0x000000000000068e      0x625 objdir-CW308_STM32F3/simpleserial.o
 .debug_loc     0x0000000000000cb3      0x192 objdir-CW308_STM32F3/stm32f3_hal.o
 .debug_loc     0x0000000000000e45     0x11d4 objdir-CW308_STM32F3/stm32f3_hal_lowlevel.o
 .debug_loc     0x0000000000002019      0x6a7 objdir-CW308_STM32F3/aes.o
 .debug_loc     0x00000000000026c0       0x42 objdir-CW308_STM32F3/aes-independant.o
 .debug_loc     0x0000000000002702       0xae /usr/lib/gcc/arm-none-eabi/6.3.1/../../../arm-none-eabi/lib/thumb/v7e-m/libg_nano.a(lib_a-init.o)

.debug_aranges  0x0000000000000000      0x2d0
 .debug_aranges
                0x0000000000000000       0x98 objdir-CW308_STM32F3/simpleserial-trace.o
 .debug_aranges
                0x0000000000000098       0x68 objdir-CW308_STM32F3/simpleserial.o
 .debug_aranges
                0x0000000000000100       0x60 objdir-CW308_STM32F3/stm32f3_hal.o
 .debug_aranges
                0x0000000000000160       0x90 objdir-CW308_STM32F3/stm32f3_hal_lowlevel.o
 .debug_aranges
                0x00000000000001f0       0x80 objdir-CW308_STM32F3/aes.o
 .debug_aranges
                0x0000000000000270       0x40 objdir-CW308_STM32F3/aes-independant.o
 .debug_aranges
                0x00000000000002b0       0x20 /usr/lib/gcc/arm-none-eabi/6.3.1/../../../arm-none-eabi/lib/thumb/v7e-m/libg_nano.a(lib_a-init.o)

.debug_ranges   0x0000000000000000      0x508
 .debug_ranges  0x0000000000000000       0xa0 objdir-CW308_STM32F3/simpleserial-trace.o
 .debug_ranges  0x00000000000000a0       0xc0 objdir-CW308_STM32F3/simpleserial.o
 .debug_ranges  0x0000000000000160       0xb0 objdir-CW308_STM32F3/stm32f3_hal.o
 .debug_ranges  0x0000000000000210      0x1f0 objdir-CW308_STM32F3/stm32f3_hal_lowlevel.o
 .debug_ranges  0x0000000000000400       0xd8 objdir-CW308_STM32F3/aes.o
 .debug_ranges  0x00000000000004d8       0x30 objdir-CW308_STM32F3/aes-independant.o

.debug_line     0x0000000000000000     0x1824
 .debug_line    0x0000000000000000      0x468 objdir-CW308_STM32F3/simpleserial-trace.o
 .debug_line    0x0000000000000468      0x240 objdir-CW308_STM32F3/simpleserial.o
 .debug_line    0x00000000000006a8      0x2cc objdir-CW308_STM32F3/stm32f3_hal.o
 .debug_line    0x0000000000000974      0x985 objdir-CW308_STM32F3/stm32f3_hal_lowlevel.o
 .debug_line    0x00000000000012f9      0x36b objdir-CW308_STM32F3/aes.o
 .debug_line    0x0000000000001664      0x108 objdir-CW308_STM32F3/aes-independant.o
 .debug_line    0x000000000000176c       0xb8 /usr/lib/gcc/arm-none-eabi/6.3.1/../../../arm-none-eabi/lib/thumb/v7e-m/libg_nano.a(lib_a-init.o)

.debug_str      0x0000000000000000     0x1d43
 .debug_str     0x0000000000000000      0xaaf objdir-CW308_STM32F3/simpleserial-trace.o
                                        0xb51 (size before relaxing)
 .debug_str     0x0000000000000aaf       0xc1 objdir-CW308_STM32F3/simpleserial.o
                                        0x2eb (size before relaxing)
 .debug_str     0x0000000000000b70      0x6d1 objdir-CW308_STM32F3/stm32f3_hal.o
                                        0xd4f (size before relaxing)
 .debug_str     0x0000000000001241      0x870 objdir-CW308_STM32F3/stm32f3_hal_lowlevel.o
                                       0x1592 (size before relaxing)
 .debug_str     0x0000000000001ab1      0x111 objdir-CW308_STM32F3/aes.o
                                        0x6e8 (size before relaxing)
 .debug_str     0x0000000000001bc2       0x25 objdir-CW308_STM32F3/aes-independant.o
                                        0x25c (size before relaxing)
 .debug_str     0x0000000000001be7      0x15c /usr/lib/gcc/arm-none-eabi/6.3.1/../../../arm-none-eabi/lib/thumb/v7e-m/libg_nano.a(lib_a-init.o)
                                        0x1fa (size before relaxing)

.debug_frame    0x0000000000000000      0x868
 .debug_frame   0x0000000000000000      0x1a0 objdir-CW308_STM32F3/simpleserial-trace.o
 .debug_frame   0x00000000000001a0      0x15c objdir-CW308_STM32F3/simpleserial.o
 .debug_frame   0x00000000000002fc       0xfc objdir-CW308_STM32F3/stm32f3_hal.o
 .debug_frame   0x00000000000003f8      0x20c objdir-CW308_STM32F3/stm32f3_hal_lowlevel.o
 .debug_frame   0x0000000000000604      0x1c8 objdir-CW308_STM32F3/aes.o
 .debug_frame   0x00000000000007cc       0x70 objdir-CW308_STM32F3/aes-independant.o
 .debug_frame   0x000000000000083c       0x2c /usr/lib/gcc/arm-none-eabi/6.3.1/../../../arm-none-eabi/lib/thumb/v7e-m/libg_nano.a(lib_a-init.o)

.stab           0x0000000000000000      0x144
 .stab          0x0000000000000000      0x144 objdir-CW308_STM32F3/stm32f3_startup.o

.stabstr        0x0000000000000000       0x34
 .stabstr       0x0000000000000000       0x34 objdir-CW308_STM32F3/stm32f3_startup.o

Cross Reference Table

Symbol                                            File
AES128_ECB_decrypt                                objdir-CW308_STM32F3/aes.o
AES128_ECB_encrypt                                objdir-CW308_STM32F3/aes.o
AES128_ECB_indp_crypto                            objdir-CW308_STM32F3/aes.o
                                                  objdir-CW308_STM32F3/aes-independant.o
AES128_ECB_indp_setkey                            objdir-CW308_STM32F3/aes.o
                                                  objdir-CW308_STM32F3/aes-independant.o
BusFault_Handler                                  objdir-CW308_STM32F3/stm32f3_startup.o
DebugMon_Handler                                  objdir-CW308_STM32F3/stm32f3_startup.o
Default_Handler                                   objdir-CW308_STM32F3/stm32f3_startup.o
HAL_GPIO_Init                                     objdir-CW308_STM32F3/stm32f3_hal_lowlevel.o
                                                  objdir-CW308_STM32F3/stm32f3_hal.o
HAL_GPIO_WritePin                                 objdir-CW308_STM32F3/stm32f3_hal_lowlevel.o
                                                  objdir-CW308_STM32F3/stm32f3_hal.o
HAL_GetTick                                       objdir-CW308_STM32F3/stm32f3_hal_lowlevel.o
HAL_IncTick                                       objdir-CW308_STM32F3/stm32f3_hal_lowlevel.o
HAL_InitTick                                      objdir-CW308_STM32F3/stm32f3_hal_lowlevel.o
HAL_NVIC_SetPriority                              objdir-CW308_STM32F3/stm32f3_hal_lowlevel.o
HAL_RCC_ClockConfig                               objdir-CW308_STM32F3/stm32f3_hal_lowlevel.o
                                                  objdir-CW308_STM32F3/stm32f3_hal.o
HAL_RCC_GetPCLK1Freq                              objdir-CW308_STM32F3/stm32f3_hal_lowlevel.o
HAL_RCC_GetPCLK2Freq                              objdir-CW308_STM32F3/stm32f3_hal_lowlevel.o
HAL_RCC_GetSysClockFreq                           objdir-CW308_STM32F3/stm32f3_hal_lowlevel.o
HAL_RCC_OscConfig                                 objdir-CW308_STM32F3/stm32f3_hal_lowlevel.o
                                                  objdir-CW308_STM32F3/stm32f3_hal.o
HAL_UART_Init                                     objdir-CW308_STM32F3/stm32f3_hal_lowlevel.o
                                                  objdir-CW308_STM32F3/stm32f3_hal.o
HAL_UART_Receive                                  objdir-CW308_STM32F3/stm32f3_hal_lowlevel.o
                                                  objdir-CW308_STM32F3/stm32f3_hal.o
HAL_UART_Transmit                                 objdir-CW308_STM32F3/stm32f3_hal_lowlevel.o
                                                  objdir-CW308_STM32F3/stm32f3_hal.o
HardFault_Handler                                 objdir-CW308_STM32F3/stm32f3_startup.o
ITM_Print                                         objdir-CW308_STM32F3/simpleserial-trace.o
MemManage_Handler                                 objdir-CW308_STM32F3/stm32f3_startup.o
NMI_Handler                                       objdir-CW308_STM32F3/stm32f3_startup.o
PendSV_Handler                                    objdir-CW308_STM32F3/stm32f3_startup.o
Rcon                                              objdir-CW308_STM32F3/aes.o
Reset_Handler                                     objdir-CW308_STM32F3/stm32f3_startup.o
SVC_Handler                                       objdir-CW308_STM32F3/stm32f3_startup.o
SysTick_Handler                                   objdir-CW308_STM32F3/stm32f3_startup.o
SystemCoreClock                                   objdir-CW308_STM32F3/stm32f3_hal_lowlevel.o
SystemInit                                        objdir-CW308_STM32F3/stm32f3_startup.o
UART_CheckIdleState                               objdir-CW308_STM32F3/stm32f3_hal_lowlevel.o
UART_SetConfig                                    objdir-CW308_STM32F3/stm32f3_hal_lowlevel.o
UART_WaitOnFlagUntilTimeout                       objdir-CW308_STM32F3/stm32f3_hal_lowlevel.o
UartHandle                                        objdir-CW308_STM32F3/stm32f3_hal.o
UsageFault_Handler                                objdir-CW308_STM32F3/stm32f3_startup.o
_ITM_deregisterTMCloneTable                       /usr/lib/gcc/arm-none-eabi/6.3.1/thumb/v7e-m/crtbegin.o
_ITM_registerTMCloneTable                         /usr/lib/gcc/arm-none-eabi/6.3.1/thumb/v7e-m/crtbegin.o
_Jv_RegisterClasses                               /usr/lib/gcc/arm-none-eabi/6.3.1/thumb/v7e-m/crtbegin.o
__TMC_END__                                       /usr/lib/gcc/arm-none-eabi/6.3.1/thumb/v7e-m/crtend.o
                                                  /usr/lib/gcc/arm-none-eabi/6.3.1/thumb/v7e-m/crtbegin.o
__atexit_dummy                                    /usr/lib/gcc/arm-none-eabi/6.3.1/../../../arm-none-eabi/lib/thumb/v7e-m/libg_nano.a(lib_a-__atexit.o)
__bss_end__                                       /usr/lib/gcc/arm-none-eabi/6.3.1/../../../arm-none-eabi/lib/thumb/v7e-m/crt0.o
__bss_start__                                     /usr/lib/gcc/arm-none-eabi/6.3.1/../../../arm-none-eabi/lib/thumb/v7e-m/crt0.o
__call_exitprocs                                  /usr/lib/gcc/arm-none-eabi/6.3.1/../../../arm-none-eabi/lib/thumb/v7e-m/libg_nano.a(lib_a-__call_atexit.o)
                                                  /usr/lib/gcc/arm-none-eabi/6.3.1/../../../arm-none-eabi/lib/thumb/v7e-m/libg_nano.a(lib_a-__atexit.o)
                                                  /usr/lib/gcc/arm-none-eabi/6.3.1/../../../arm-none-eabi/lib/thumb/v7e-m/libg_nano.a(lib_a-exit.o)
__deregister_frame_info                           /usr/lib/gcc/arm-none-eabi/6.3.1/thumb/v7e-m/crtbegin.o
__dso_handle                                      /usr/lib/gcc/arm-none-eabi/6.3.1/thumb/v7e-m/crtbegin.o
__errno                                           /usr/lib/gcc/arm-none-eabi/6.3.1/../../../arm-none-eabi/lib/thumb/v7e-m/libg_nano.a(lib_a-errno.o)
                                                  objdir-CW308_STM32F3/stm32f3_sysmem.o
__fini_array_end                                  /usr/lib/gcc/arm-none-eabi/6.3.1/../../../arm-none-eabi/lib/thumb/v7e-m/libg_nano.a(lib_a-fini.o)
__fini_array_start                                /usr/lib/gcc/arm-none-eabi/6.3.1/../../../arm-none-eabi/lib/thumb/v7e-m/libg_nano.a(lib_a-fini.o)
__init_array_end                                  /usr/lib/gcc/arm-none-eabi/6.3.1/../../../arm-none-eabi/lib/thumb/v7e-m/libg_nano.a(lib_a-init.o)
__init_array_start                                /usr/lib/gcc/arm-none-eabi/6.3.1/../../../arm-none-eabi/lib/thumb/v7e-m/libg_nano.a(lib_a-init.o)
__libc_fini_array                                 /usr/lib/gcc/arm-none-eabi/6.3.1/../../../arm-none-eabi/lib/thumb/v7e-m/libg_nano.a(lib_a-fini.o)
                                                  /usr/lib/gcc/arm-none-eabi/6.3.1/../../../arm-none-eabi/lib/thumb/v7e-m/crt0.o
__libc_init_array                                 /usr/lib/gcc/arm-none-eabi/6.3.1/../../../arm-none-eabi/lib/thumb/v7e-m/libg_nano.a(lib_a-init.o)
                                                  objdir-CW308_STM32F3/stm32f3_startup.o
                                                  /usr/lib/gcc/arm-none-eabi/6.3.1/../../../arm-none-eabi/lib/thumb/v7e-m/crt0.o
__on_exit_args                                    /usr/lib/gcc/arm-none-eabi/6.3.1/../../../arm-none-eabi/lib/thumb/v7e-m/libg_nano.a(lib_a-__atexit.o)
__preinit_array_end                               /usr/lib/gcc/arm-none-eabi/6.3.1/../../../arm-none-eabi/lib/thumb/v7e-m/libg_nano.a(lib_a-init.o)
__preinit_array_start                             /usr/lib/gcc/arm-none-eabi/6.3.1/../../../arm-none-eabi/lib/thumb/v7e-m/libg_nano.a(lib_a-init.o)
__register_exitproc                               /usr/lib/gcc/arm-none-eabi/6.3.1/../../../arm-none-eabi/lib/thumb/v7e-m/libg_nano.a(lib_a-__atexit.o)
                                                  /usr/lib/gcc/arm-none-eabi/6.3.1/../../../arm-none-eabi/lib/thumb/v7e-m/libg_nano.a(lib_a-atexit.o)
__register_frame_info                             /usr/lib/gcc/arm-none-eabi/6.3.1/thumb/v7e-m/crtbegin.o
__sf_fake_stderr                                  /usr/lib/gcc/arm-none-eabi/6.3.1/../../../arm-none-eabi/lib/thumb/v7e-m/libg_nano.a(lib_a-impure.o)
__sf_fake_stdin                                   /usr/lib/gcc/arm-none-eabi/6.3.1/../../../arm-none-eabi/lib/thumb/v7e-m/libg_nano.a(lib_a-impure.o)
__sf_fake_stdout                                  /usr/lib/gcc/arm-none-eabi/6.3.1/../../../arm-none-eabi/lib/thumb/v7e-m/libg_nano.a(lib_a-impure.o)
__stack                                           /usr/lib/gcc/arm-none-eabi/6.3.1/../../../arm-none-eabi/lib/thumb/v7e-m/crt0.o
_ebss                                             objdir-CW308_STM32F3/stm32f3_startup.o
_edata                                            objdir-CW308_STM32F3/stm32f3_startup.o
_estack                                           objdir-CW308_STM32F3/stm32f3_startup.o
_exit                                             /usr/lib/gcc/arm-none-eabi/6.3.1/../../../arm-none-eabi/lib/thumb/v7e-m/libnosys.a(_exit.o)
                                                  /usr/lib/gcc/arm-none-eabi/6.3.1/../../../arm-none-eabi/lib/thumb/v7e-m/libg_nano.a(lib_a-exit.o)
_fini                                             /usr/lib/gcc/arm-none-eabi/6.3.1/thumb/v7e-m/crti.o
                                                  /usr/lib/gcc/arm-none-eabi/6.3.1/../../../arm-none-eabi/lib/thumb/v7e-m/libg_nano.a(lib_a-fini.o)
_global_atexit                                    /usr/lib/gcc/arm-none-eabi/6.3.1/../../../arm-none-eabi/lib/thumb/v7e-m/libg_nano.a(lib_a-__call_atexit.o)
                                                  /usr/lib/gcc/arm-none-eabi/6.3.1/../../../arm-none-eabi/lib/thumb/v7e-m/libg_nano.a(lib_a-__atexit.o)
_global_impure_ptr                                /usr/lib/gcc/arm-none-eabi/6.3.1/../../../arm-none-eabi/lib/thumb/v7e-m/libg_nano.a(lib_a-impure.o)
                                                  /usr/lib/gcc/arm-none-eabi/6.3.1/../../../arm-none-eabi/lib/thumb/v7e-m/libg_nano.a(lib_a-exit.o)
_impure_ptr                                       /usr/lib/gcc/arm-none-eabi/6.3.1/../../../arm-none-eabi/lib/thumb/v7e-m/libg_nano.a(lib_a-impure.o)
                                                  /usr/lib/gcc/arm-none-eabi/6.3.1/../../../arm-none-eabi/lib/thumb/v7e-m/libg_nano.a(lib_a-errno.o)
_init                                             /usr/lib/gcc/arm-none-eabi/6.3.1/thumb/v7e-m/crti.o
                                                  /usr/lib/gcc/arm-none-eabi/6.3.1/../../../arm-none-eabi/lib/thumb/v7e-m/libg_nano.a(lib_a-init.o)
_mainCRTStartup                                   /usr/lib/gcc/arm-none-eabi/6.3.1/../../../arm-none-eabi/lib/thumb/v7e-m/crt0.o
_sbrk                                             objdir-CW308_STM32F3/stm32f3_sysmem.o
_sbss                                             objdir-CW308_STM32F3/stm32f3_startup.o
_sdata                                            objdir-CW308_STM32F3/stm32f3_startup.o
_sidata                                           objdir-CW308_STM32F3/stm32f3_startup.o
_start                                            /usr/lib/gcc/arm-none-eabi/6.3.1/../../../arm-none-eabi/lib/thumb/v7e-m/crt0.o
aes_indep_enc                                     objdir-CW308_STM32F3/aes-independant.o
                                                  objdir-CW308_STM32F3/simpleserial-trace.o
aes_indep_enc_posttrigger                         objdir-CW308_STM32F3/aes-independant.o
                                                  objdir-CW308_STM32F3/simpleserial-trace.o
aes_indep_enc_pretrigger                          objdir-CW308_STM32F3/aes-independant.o
                                                  objdir-CW308_STM32F3/simpleserial-trace.o
aes_indep_init                                    objdir-CW308_STM32F3/aes-independant.o
                                                  objdir-CW308_STM32F3/simpleserial-trace.o
aes_indep_key                                     objdir-CW308_STM32F3/aes-independant.o
                                                  objdir-CW308_STM32F3/simpleserial-trace.o
aes_indep_mask                                    objdir-CW308_STM32F3/aes-independant.o
                                                  objdir-CW308_STM32F3/simpleserial-trace.o
atexit                                            /usr/lib/gcc/arm-none-eabi/6.3.1/../../../arm-none-eabi/lib/thumb/v7e-m/libg_nano.a(lib_a-atexit.o)
                                                  /usr/lib/gcc/arm-none-eabi/6.3.1/../../../arm-none-eabi/lib/thumb/v7e-m/crt0.o
change_err_led                                    objdir-CW308_STM32F3/stm32f3_hal.o
change_ok_led                                     objdir-CW308_STM32F3/stm32f3_hal.o
check_version                                     objdir-CW308_STM32F3/simpleserial.o
enable_trace                                      objdir-CW308_STM32F3/simpleserial-trace.o
enckey                                            objdir-CW308_STM32F3/aes-independant.o
end                                               objdir-CW308_STM32F3/stm32f3_sysmem.o
exit                                              /usr/lib/gcc/arm-none-eabi/6.3.1/../../../arm-none-eabi/lib/thumb/v7e-m/libg_nano.a(lib_a-exit.o)
                                                  /usr/lib/gcc/arm-none-eabi/6.3.1/../../../arm-none-eabi/lib/thumb/v7e-m/crt0.o
free                                              /usr/lib/gcc/arm-none-eabi/6.3.1/../../../arm-none-eabi/lib/thumb/v7e-m/libg_nano.a(lib_a-__call_atexit.o)
g_pfnVectors                                      objdir-CW308_STM32F3/stm32f3_startup.o
get_key                                           objdir-CW308_STM32F3/simpleserial-trace.o
get_mask                                          objdir-CW308_STM32F3/simpleserial-trace.o
get_pt                                            objdir-CW308_STM32F3/simpleserial-trace.o
getch                                             objdir-CW308_STM32F3/stm32f3_hal.o
                                                  objdir-CW308_STM32F3/simpleserial.o
getreg                                            objdir-CW308_STM32F3/simpleserial-trace.o
hal_sys_tick                                      objdir-CW308_STM32F3/stm32f3_hal_lowlevel.o
hardware_init_hook                                /usr/lib/gcc/arm-none-eabi/6.3.1/../../../arm-none-eabi/lib/thumb/v7e-m/crt0.o
hex_decode                                        objdir-CW308_STM32F3/simpleserial.o
info                                              objdir-CW308_STM32F3/simpleserial-trace.o
init_uart                                         objdir-CW308_STM32F3/stm32f3_hal.o
                                                  objdir-CW308_STM32F3/simpleserial-trace.o
main                                              objdir-CW308_STM32F3/simpleserial-trace.o
                                                  objdir-CW308_STM32F3/stm32f3_startup.o
                                                  /usr/lib/gcc/arm-none-eabi/6.3.1/../../../arm-none-eabi/lib/thumb/v7e-m/crt0.o
malloc                                            /usr/lib/gcc/arm-none-eabi/6.3.1/../../../arm-none-eabi/lib/thumb/v7e-m/libg_nano.a(lib_a-__atexit.o)
memset                                            /usr/lib/gcc/arm-none-eabi/6.3.1/../../../arm-none-eabi/lib/thumb/v7e-m/libg_nano.a(lib_a-memset.o)
                                                  /usr/lib/gcc/arm-none-eabi/6.3.1/../../../arm-none-eabi/lib/thumb/v7e-m/crt0.o
pcsamp_enable                                     objdir-CW308_STM32F3/simpleserial-trace.o
platform_init                                     objdir-CW308_STM32F3/stm32f3_hal.o
                                                  objdir-CW308_STM32F3/simpleserial-trace.o
print                                             objdir-CW308_STM32F3/simpleserial-trace.o
putch                                             objdir-CW308_STM32F3/stm32f3_hal.o
                                                  objdir-CW308_STM32F3/simpleserial.o
                                                  objdir-CW308_STM32F3/simpleserial-trace.o
reenable_trace                                    objdir-CW308_STM32F3/simpleserial-trace.o
reset                                             objdir-CW308_STM32F3/simpleserial-trace.o
rsbox                                             objdir-CW308_STM32F3/aes.o
sbox                                              objdir-CW308_STM32F3/aes.o
set_pcsample_params                               objdir-CW308_STM32F3/simpleserial-trace.o
setreg                                            objdir-CW308_STM32F3/simpleserial-trace.o
simpleserial_addcmd                               objdir-CW308_STM32F3/simpleserial.o
                                                  objdir-CW308_STM32F3/simpleserial-trace.o
simpleserial_addcmd_flags                         objdir-CW308_STM32F3/simpleserial.o
                                                  objdir-CW308_STM32F3/simpleserial-trace.o
simpleserial_get                                  objdir-CW308_STM32F3/simpleserial.o
                                                  objdir-CW308_STM32F3/simpleserial-trace.o
simpleserial_init                                 objdir-CW308_STM32F3/simpleserial.o
                                                  objdir-CW308_STM32F3/simpleserial-trace.o
simpleserial_put                                  objdir-CW308_STM32F3/simpleserial.o
                                                  objdir-CW308_STM32F3/simpleserial-trace.o
software_init_hook                                /usr/lib/gcc/arm-none-eabi/6.3.1/../../../arm-none-eabi/lib/thumb/v7e-m/crt0.o
ss_crc                                            objdir-CW308_STM32F3/simpleserial.o
ss_get_commands                                   objdir-CW308_STM32F3/simpleserial.o
ss_num_commands                                   objdir-CW308_STM32F3/simpleserial.o
test_itm                                          objdir-CW308_STM32F3/simpleserial-trace.o
trigger_high                                      objdir-CW308_STM32F3/stm32f3_hal.o
                                                  objdir-CW308_STM32F3/simpleserial-trace.o
trigger_high_pcsamp                               objdir-CW308_STM32F3/simpleserial-trace.o
trigger_low                                       objdir-CW308_STM32F3/stm32f3_hal.o
                                                  objdir-CW308_STM32F3/simpleserial-trace.o
trigger_low_pcsamp                                objdir-CW308_STM32F3/simpleserial-trace.o
trigger_setup                                     objdir-CW308_STM32F3/stm32f3_hal.o
                                                  objdir-CW308_STM32F3/simpleserial-trace.o
uwTick                                            objdir-CW308_STM32F3/stm32f3_hal_lowlevel.o
